Component: ARM Compiler 5.06 update 3 (build 300) Tool: armlink [4d35c9]

==============================================================================

Section Cross References

    main.o(i.main) refers to sys.o(i.MY_NVIC_PriorityGroupConfig) for MY_NVIC_PriorityGroupConfig
    main.o(i.main) refers to delay.o(i.delay_init) for delay_init
    main.o(i.main) refers to usart.o(i.uart_init) for uart_init
    main.o(i.main) refers to oled.o(i.OLED_Init) for OLED_Init
    main.o(i.main) refers to exti.o(i.EXTIX_Init) for EXTIX_Init
    main.o(i.main) refers to nrf.o(i.NRF_Config) for NRF_Config
    main.o(i.main) refers to ioi2c.o(i.IIC_Init) for IIC_Init
    main.o(i.main) refers to mpu6050.o(i.DMP_Init) for DMP_Init
    main.o(i.main) refers to time.o(i.MiniBalance_Motor_Init) for MiniBalance_Motor_Init
    main.o(i.main) refers to time.o(i.MiniBalance_PWM_Init) for MiniBalance_PWM_Init
    main.o(i.main) refers to oled.o(i.oled_Show) for oled_Show
    startup_stm32f10x_md.o(STACK) refers (Special) to heapauxi.o(.text) for __use_two_region_memory
    startup_stm32f10x_md.o(HEAP) refers (Special) to heapauxi.o(.text) for __use_two_region_memory
    startup_stm32f10x_md.o(RESET) refers (Special) to heapauxi.o(.text) for __use_two_region_memory
    startup_stm32f10x_md.o(RESET) refers to startup_stm32f10x_md.o(STACK) for __initial_sp
    startup_stm32f10x_md.o(RESET) refers to startup_stm32f10x_md.o(.text) for Reset_Handler
    startup_stm32f10x_md.o(RESET) refers to stm32f10x_it.o(i.NMI_Handler) for NMI_Handler
    startup_stm32f10x_md.o(RESET) refers to stm32f10x_it.o(i.HardFault_Handler) for HardFault_Handler
    startup_stm32f10x_md.o(RESET) refers to stm32f10x_it.o(i.MemManage_Handler) for MemManage_Handler
    startup_stm32f10x_md.o(RESET) refers to stm32f10x_it.o(i.BusFault_Handler) for BusFault_Handler
    startup_stm32f10x_md.o(RESET) refers to stm32f10x_it.o(i.UsageFault_Handler) for UsageFault_Handler
    startup_stm32f10x_md.o(RESET) refers to stm32f10x_it.o(i.SVC_Handler) for SVC_Handler
    startup_stm32f10x_md.o(RESET) refers to stm32f10x_it.o(i.DebugMon_Handler) for DebugMon_Handler
    startup_stm32f10x_md.o(RESET) refers to stm32f10x_it.o(i.PendSV_Handler) for PendSV_Handler
    startup_stm32f10x_md.o(RESET) refers to stm32f10x_it.o(i.SysTick_Handler) for SysTick_Handler
    startup_stm32f10x_md.o(RESET) refers to nrf.o(i.EXTI0_IRQHandler) for EXTI0_IRQHandler
    startup_stm32f10x_md.o(RESET) refers to control.o(i.EXTI3_IRQHandler) for EXTI3_IRQHandler
    startup_stm32f10x_md.o(RESET) refers to time.o(i.TIM4_IRQHandler) for TIM4_IRQHandler
    startup_stm32f10x_md.o(.text) refers (Special) to heapauxi.o(.text) for __use_two_region_memory
    startup_stm32f10x_md.o(.text) refers to system_stm32f10x.o(i.SystemInit) for SystemInit
    startup_stm32f10x_md.o(.text) refers to __main.o(!!!main) for __main
    startup_stm32f10x_md.o(.text) refers to startup_stm32f10x_md.o(HEAP) for Heap_Mem
    startup_stm32f10x_md.o(.text) refers to startup_stm32f10x_md.o(STACK) for Stack_Mem
    system_stm32f10x.o(i.SetSysClock) refers to system_stm32f10x.o(i.SetSysClockTo72) for SetSysClockTo72
    system_stm32f10x.o(i.SystemCoreClockUpdate) refers to system_stm32f10x.o(.data) for SystemCoreClock
    system_stm32f10x.o(i.SystemInit) refers to system_stm32f10x.o(i.SetSysClock) for SetSysClock
    time.o(i.MiniBalance_Motor_Init) refers to stm32f10x_rcc.o(i.RCC_APB2PeriphClockCmd) for RCC_APB2PeriphClockCmd
    time.o(i.MiniBalance_Motor_Init) refers to stm32f10x_gpio.o(i.GPIO_Init) for GPIO_Init
    time.o(i.MiniBalance_PWM_Init) refers to stm32f10x_rcc.o(i.RCC_APB1PeriphClockCmd) for RCC_APB1PeriphClockCmd
    time.o(i.MiniBalance_PWM_Init) refers to stm32f10x_rcc.o(i.RCC_APB2PeriphClockCmd) for RCC_APB2PeriphClockCmd
    time.o(i.MiniBalance_PWM_Init) refers to stm32f10x_gpio.o(i.GPIO_Init) for GPIO_Init
    time.o(i.MiniBalance_PWM_Init) refers to stm32f10x_tim.o(i.TIM_TimeBaseInit) for TIM_TimeBaseInit
    time.o(i.MiniBalance_PWM_Init) refers to stm32f10x_tim.o(i.TIM_OC1Init) for TIM_OC1Init
    time.o(i.MiniBalance_PWM_Init) refers to stm32f10x_tim.o(i.TIM_OC2Init) for TIM_OC2Init
    time.o(i.MiniBalance_PWM_Init) refers to stm32f10x_tim.o(i.TIM_OC1PreloadConfig) for TIM_OC1PreloadConfig
    time.o(i.MiniBalance_PWM_Init) refers to stm32f10x_tim.o(i.TIM_OC2PreloadConfig) for TIM_OC2PreloadConfig
    time.o(i.MiniBalance_PWM_Init) refers to stm32f10x_tim.o(i.TIM_Cmd) for TIM_Cmd
    time.o(i.MiniBalance_PWM_Init) refers to stm32f10x_tim.o(i.TIM_ITConfig) for TIM_ITConfig
    time.o(i.MiniBalance_PWM_Init) refers to misc.o(i.NVIC_Init) for NVIC_Init
    time.o(i.TIM4_IRQHandler) refers to stm32f10x_tim.o(i.TIM_GetITStatus) for TIM_GetITStatus
    time.o(i.TIM4_IRQHandler) refers to stm32f10x_tim.o(i.TIM_ClearITPendingBit) for TIM_ClearITPendingBit
    time.o(i.TIM4_IRQHandler) refers to stm32f10x_tim.o(i.TIM_GetCapture1) for TIM_GetCapture1
[...]
    i.get_accel_prod_shift                   0x080038fc   Section        0  inv_mpu.o(i.get_accel_prod_shift)
    get_accel_prod_shift                     0x080038fd   Thumb Code   168  inv_mpu.o(i.get_accel_prod_shift)
    i.get_st_biases                          0x080039b0   Section        0  inv_mpu.o(i.get_st_biases)
    get_st_biases                            0x080039b1   Thumb Code  1132  inv_mpu.o(i.get_st_biases)
    i.gyro_self_test                         0x08003e20   Section        0  inv_mpu.o(i.gyro_self_test)
    gyro_self_test                           0x08003e21   Thumb Code   256  inv_mpu.o(i.gyro_self_test)
    i.i2cRead                                0x08003f30   Section        0  ioi2c.o(i.i2cRead)
    i.i2cWrite                               0x08003fa6   Section        0  ioi2c.o(i.i2cWrite)
    i.inv_orientation_matrix_to_scalar       0x08004006   Section        0  mpu6050.o(i.inv_orientation_matrix_to_scalar)
    inv_orientation_matrix_to_scalar         0x08004007   Thumb Code    40  mpu6050.o(i.inv_orientation_matrix_to_scalar)
    i.inv_row_2_scale                        0x0800402e   Section        0  mpu6050.o(i.inv_row_2_scale)
    inv_row_2_scale                          0x0800402f   Thumb Code    78  mpu6050.o(i.inv_row_2_scale)
    i.main                                   0x0800407c   Section        0  main.o(i.main)
    i.mpu_configure_fifo                     0x080040b4   Section        0  inv_mpu.o(i.mpu_configure_fifo)
    i.mpu_get_accel_fsr                      0x08004124   Section        0  inv_mpu.o(i.mpu_get_accel_fsr)
    i.mpu_get_accel_sens                     0x08004170   Section        0  inv_mpu.o(i.mpu_get_accel_sens)
    i.mpu_get_fifo_config                    0x080041c4   Section        0  inv_mpu.o(i.mpu_get_fifo_config)
    i.mpu_get_gyro_fsr                       0x080041d4   Section        0  inv_mpu.o(i.mpu_get_gyro_fsr)
    i.mpu_get_gyro_sens                      0x08004218   Section        0  inv_mpu.o(i.mpu_get_gyro_sens)
    i.mpu_get_lpf                            0x08004268   Section        0  inv_mpu.o(i.mpu_get_lpf)
    i.mpu_get_sample_rate                    0x080042b8   Section        0  inv_mpu.o(i.mpu_get_sample_rate)
    i.mpu_init                               0x080042d8   Section        0  inv_mpu.o(i.mpu_init)
    i.mpu_load_firmware                      0x080044c8   Section        0  inv_mpu.o(i.mpu_load_firmware)
    i.mpu_lp_accel_mode                      0x08004580   Section        0  inv_mpu.o(i.mpu_lp_accel_mode)
    i.mpu_read_fifo_stream                   0x08004660   Section        0  inv_mpu.o(i.mpu_read_fifo_stream)
    i.mpu_read_mem                           0x08004720   Section        0  inv_mpu.o(i.mpu_read_mem)
    i.mpu_reset_fifo                         0x080047a0   Section        0  inv_mpu.o(i.mpu_reset_fifo)
    i.mpu_run_self_test                      0x0800495c   Section        0  inv_mpu.o(i.mpu_run_self_test)
    i.mpu_set_accel_fsr                      0x08004a78   Section        0  inv_mpu.o(i.mpu_set_accel_fsr)
    i.mpu_set_bypass                         0x08004afc   Section        0  inv_mpu.o(i.mpu_set_bypass)
    i.mpu_set_dmp_state                      0x08004c48   Section        0  inv_mpu.o(i.mpu_set_dmp_state)
    i.mpu_set_gyro_fsr                       0x08004cd8   Section        0  inv_mpu.o(i.mpu_set_gyro_fsr)
    i.mpu_set_int_latched                    0x08004d60   Section        0  inv_mpu.o(i.mpu_set_int_latched)
    i.mpu_set_lpf                            0x08004dcc   Section        0  inv_mpu.o(i.mpu_set_lpf)
    i.mpu_set_sample_rate                    0x08004e50   Section        0  inv_mpu.o(i.mpu_set_sample_rate)
    i.mpu_set_sensors                        0x08004eec   Section        0  inv_mpu.o(i.mpu_set_sensors)
    i.mpu_write_mem                          0x08004fbc   Section        0  inv_mpu.o(i.mpu_write_mem)
    i.myabs                                  0x0800503c   Section        0  control.o(i.myabs)
    i.myget_ms                               0x0800504a   Section        0  inv_mpu.o(i.myget_ms)
    i.oled_Show                              0x0800504c   Section        0  oled.o(i.oled_Show)
    i.oled_pow                               0x080050d4   Section        0  oled.o(i.oled_pow)
    i.run_self_test                          0x080050ec   Section        0  mpu6050.o(i.run_self_test)
    run_self_test                            0x080050ed   Thumb Code   150  mpu6050.o(i.run_self_test)
    i.set_int_enable                         0x080051a8   Section        0  inv_mpu.o(i.set_int_enable)
    set_int_enable                           0x080051a9   Thumb Code   138  inv_mpu.o(i.set_int_enable)
    i.sqrt                                   0x08005238   Section        0  sqrt.o(i.sqrt)
    i.turn                                   0x08005284   Section        0  control.o(i.turn)
    i.uart_init                              0x080053ac   Section        0  usart.o(i.uart_init)
    i.velocity                               0x08005430   Section        0  control.o(i.velocity)
    x$fpl$d2f                                0x08005588   Section       98  d2f.o(x$fpl$d2f)
    x$fpl$dadd                               0x080055ec   Section      336  daddsub_clz.o(x$fpl$dadd)
    _dadd1                                   0x080055fd   Thumb Code     0  daddsub_clz.o(x$fpl$dadd)
    x$fpl$dcheck1                            0x0800573c   Section       16  dcheck1.o(x$fpl$dcheck1)
    x$fpl$ddiv                               0x0800574c   Section      688  ddiv.o(x$fpl$ddiv)
    ddiv_entry                               0x08005753   Thumb Code     0  ddiv.o(x$fpl$ddiv)
    x$fpl$dmul                               0x080059fc   Section      340  dmul.o(x$fpl$dmul)
    x$fpl$dnaninf                            0x08005b50   Section      156  dnaninf.o(x$fpl$dnaninf)
    x$fpl$dretinf                            0x08005bec   Section       12  dretinf.o(x$fpl$dretinf)
    x$fpl$drsb                               0x08005bf8   Section       22  daddsub_clz.o(x$fpl$drsb)
    x$fpl$dsqrt                              0x08005c10   Section      460  dsqrt_noumaal.o(x$fpl$dsqrt)
    x$fpl$dsub                               0x08005ddc   Section      468  daddsub_clz.o(x$fpl$dsub)
    _dsub1                                   0x08005ded   Thumb Code     0  daddsub_clz.o(x$fpl$dsub)
    x$fpl$f2d                                0x08005fb0   Section       86  f2d.o(x$fpl$f2d)
    x$fpl$fadd                               0x08006008   Section      196  faddsub_clz.o(x$fpl$fadd)
    _fadd1                                   0x08006017   Thumb Code     0  faddsub_clz.o(x$fpl$fadd)
    x$fpl$fcmpinf                            0x080060cc   Section       24  fcmpi.o(x$fpl$fcmpinf)
    x$fpl$fdiv                               0x080060e4   Section      388  fdiv.o(x$fpl$fdiv)
    _fdiv1                                   0x080060e5   Thumb Code     0  fdiv.o(x$fpl$fdiv)
    x$fpl$feqf                               0x08006268   Section      104  feqf.o(x$fpl$feqf)
    x$fpl$ffix                               0x080062d0   Section       54  ffix.o(x$fpl$ffix)
    x$fpl$ffixu                              0x08006308   Section       62  ffixu.o(x$fpl$ffixu)
    x$fpl$fflt                               0x08006348   Section       48  fflt_clz.o(x$fpl$fflt)
    x$fpl$ffltu                              0x08006378   Section       38  fflt_clz.o(x$fpl$ffltu)
    x$fpl$fleqf                              0x080063a0   Section      104  fleqf.o(x$fpl$fleqf)
    x$fpl$fmul                               0x08006408   Section      258  fmul.o(x$fpl$fmul)
    x$fpl$fnaninf                            0x0800650a   Section      140  fnaninf.o(x$fpl$fnaninf)
    x$fpl$fretinf                            0x08006596   Section       10  fretinf.o(x$fpl$fretinf)
    x$fpl$frleqf                             0x080065a0   Section       98  frleqf.o(x$fpl$frleqf)
    x$fpl$fsub                               0x08006604   Section      234  faddsub_clz.o(x$fpl$fsub)
    _fsub1                                   0x08006613   Thumb Code     0  faddsub_clz.o(x$fpl$fsub)
    x$fpl$retnan                             0x080066ee   Section      100  retnan.o(x$fpl$retnan)
    x$fpl$scalbn                             0x08006752   Section       92  scalbn.o(x$fpl$scalbn)
    x$fpl$trapveneer                         0x080067ae   Section       48  trapv.o(x$fpl$trapveneer)
    x$fpl$usenofp                            0x080067de   Section        0  usenofp.o(x$fpl$usenofp)
    .constdata                               0x080067e0   Section       80  inv_mpu.o(.constdata)
    .constdata                               0x08006830   Section     3062  inv_mpu_dmp_motion_driver.o(.constdata)
    dmp_memory                               0x08006830   Data        3062  inv_mpu_dmp_motion_driver.o(.constdata)
    .constdata                               0x08007426   Section     2660  oled.o(.constdata)
    .constdata                               0x08007e90   Section       80  asin.o(.constdata)
    pS                                       0x08007e90   Data          48  asin.o(.constdata)
    qS                                       0x08007ec0   Data          32  asin.o(.constdata)
    .constdata                               0x08007ee0   Section      152  atan.o(.constdata)
    atanhi                                   0x08007ee0   Data          32  atan.o(.constdata)
    atanlo                                   0x08007f00   Data          32  atan.o(.constdata)
    aTodd                                    0x08007f20   Data          40  atan.o(.constdata)
    aTeven                                   0x08007f48   Data          48  atan.o(.constdata)
    .constdata                               0x08007f78   Section        8  qnan.o(.constdata)
    .conststring                             0x08007f80   Section       78  inv_mpu.o(.conststring)
    .data                                    0x20000000   Section       20  main.o(.data)
    .data                                    0x20000014   Section       20  system_stm32f10x.o(.data)
    .data                                    0x20000028   Section       44  inv_mpu.o(.data)
    st                                       0x20000028   Data          44  inv_mpu.o(.data)
    .data                                    0x20000054   Section       56  mpu6050.o(.data)
    gyro_orientation                         0x2000007c   Data           9  mpu6050.o(.data)
    .data                                    0x2000008c   Section       84  control.o(.data)
    Velocity                                 0x200000b4   Data           4  control.o(.data)
    Encoder_Least                            0x200000b8   Data           4  control.o(.data)
    Encoder                                  0x200000bc   Data           4  control.o(.data)
    Movement                                 0x200000c0   Data           4  control.o(.data)
    Target_Velocity                          0x200000c4   Data           4  control.o(.data)
    Encoder_Integral                         0x200000c8   Data           4  control.o(.data)
    Turn_Amplitude                           0x200000cc   Data           4  control.o(.data)
    Turn_Target                              0x200000d0   Data           4  control.o(.data)
    Turn_Convert                             0x200000d4   Data           4  control.o(.data)
    Turn_Count                               0x200000d8   Data           4  control.o(.data)
    Encoder_temp                             0x200000dc   Data           4  control.o(.data)
    .data                                    0x200000e0   Section       26  nrf.o(.data)
    .data                                    0x200000fa   Section        1  spi.o(.data)
    .data                                    0x200000fc   Section        4  delay.o(.data)
    fac_us                                   0x200000fc   Data           1  delay.o(.data)
    fac_ms                                   0x200000fe   Data           2  delay.o(.data)
    .data                                    0x20000100   Section        4  usart.o(.data)
    .data                                    0x20000104   Section       20  stm32f10x_rcc.o(.data)
    APBAHBPrescTable                         0x20000104   Data          16  stm32f10x_rcc.o(.data)
    ADCPrescTable                            0x20000114   Data           4  stm32f10x_rcc.o(.data)
    .bss                                     0x20000118   Section       16  inv_mpu_dmp_motion_driver.o(.bss)
    dmp                                      0x20000118   Data          16  inv_mpu_dmp_motion_driver.o(.bss)
    .bss                                     0x20000128   Section     1024  oled.o(.bss)
    .bss                                     0x20000528   Section       20  control.o(.bss)
    Speed_Buf                                0x20000528   Data          20  control.o(.bss)
    .bss                                     0x2000053c   Section       12  nrf.o(.bss)
    .bss                                     0x20000548   Section       96  libspace.o(.bss)
    HEAP                                     0x200005a8   Section      512  startup_stm32f10x_md.o(HEAP)
    Heap_Mem                                 0x200005a8   Data         512  startup_stm32f10x_md.o(HEAP)
    STACK                                    0x200007a8   Section     1024  startup_stm32f10x_md.o(STACK)
    Stack_Mem                                0x200007a8   Data        1024  startup_stm32f10x_md.o(STACK)
    __initial_sp                             0x20000ba8   Data           0  startup_stm32f10x_md.o(STACK)

    Global Symbols

    Symbol Name                              Value     Ov Type        Size  Object(Section)

    BuildAttributes$$THM_ISAv4$P$D$K$B$S$PE$A:L22UL41UL21$X:L11$S22US41US21$IEEE1$IW$USESV6$~STKCKD$USESV7$~SHL$OTIME$ROPI$IEEEX$EBA8$UX$STANDARDLIB$REQ8$PRES8$EABIv2 0x00000000   Number         0  anon$$obj.o ABSOLUTE
    __ARM_use_no_argv                        0x00000000   Number         0  main.o ABSOLUTE
    __ARM_exceptions_init                     - Undefined Weak Reference
    __alloca_initialize                       - Undefined Weak Reference
    __arm_preinit_                            - Undefined Weak Reference
    __cpp_initialize__aeabi_                  - Undefined Weak Reference
    __cxa_finalize                            - Undefined Weak Reference
    __rt_locale                               - Undefined Weak Reference
    __sigvec_lookup                           - Undefined Weak Reference
    _atexit_init                              - Undefined Weak Reference
    _call_atexit_fns                          - Undefined Weak Reference
    _clock_init                               - Undefined Weak Reference
    _fp_trap_init                             - Undefined Weak Reference
    _fp_trap_shutdown                         - Undefined Weak Reference
    _get_lc_collate                           - Undefined Weak Reference
    _get_lc_ctype                             - Undefined Weak Reference
    _get_lc_monetary                          - Undefined Weak Reference
    _get_lc_numeric                           - Undefined Weak Reference
    _get_lc_time                              - Undefined Weak Reference
    _getenv_init                              - Undefined Weak Reference
    _handle_redirection                       - Undefined Weak Reference
    _init_alloc                               - Undefined Weak Reference
    _init_user_alloc                          - Undefined Weak Reference
    _initio                                   - Undefined Weak Reference
    _mutex_acquire                            - Undefined Weak Reference
    _mutex_release                            - Undefined Weak Reference
    _printf_post_padding                      - Undefined Weak Reference
    _printf_pre_padding                       - Undefined Weak Reference
    _printf_truncate_signed                   - Undefined Weak Reference
    _printf_truncate_unsigned                 - Undefined Weak Reference
    _rand_init                                - Undefined Weak Reference
    _signal_finish                            - Undefined Weak Reference
    _signal_init                              - Undefined Weak Reference
    _terminate_alloc                          - Undefined Weak Reference
    _terminate_user_alloc                     - Undefined Weak Reference
    _terminateio                              - Undefined Weak Reference
    __Vectors_Size                           0x000000ec   Number         0  startup_stm32f10x_md.o ABSOLUTE
    __Vectors                                0x08000000   Data           4  startup_stm32f10x_md.o(RESET)
    __Vectors_End                            0x080000ec   Data           0  startup_stm32f10x_md.o(RESET)
    __main                                   0x080000ed   Thumb Code     8  __main.o(!!!main)
    __scatterload                            0x080000f5   Thumb Code     0  __scatter.o(!!!scatter)
    __scatterload_rt2                        0x080000f5   Thumb Code    44  __scatter.o(!!!scatter)
    __scatterload_rt2_thumb_only             0x080000f5   Thumb Code     0  __scatter.o(!!!scatter)
    __scatterload_null                       0x08000103   Thumb Code     0  __scatter.o(!!!scatter)
    __scatterload_copy                       0x08000129   Thumb Code    26  __scatter_copy.o(!!handler_copy)
    __scatterload_zeroinit                   0x08000145   Thumb Code    28  __scatter_zi.o(!!handler_zi)
    _printf_d                                0x08000161   Thumb Code     0  _printf_d.o(.ARM.Collect$$_printf_percent$$00000009)
    _printf_percent                          0x08000161   Thumb Code     0  _printf_percent.o(.ARM.Collect$$_printf_percent$$00000000)
    _printf_percent_end                      0x08000167   Thumb Code     0  _printf_percent_end.o(.ARM.Collect$$_printf_percent$$00000017)
    __rt_lib_init                            0x0800016b   Thumb Code     0  libinit.o(.ARM.Collect$$libinit$$00000000)
    __rt_lib_init_alloca_1                   0x0800016d   Thumb Code     0  libinit2.o(.ARM.Collect$$libinit$$0000002E)
    __rt_lib_init_argv_1                     0x0800016d   Thumb Code     0  libinit2.o(.ARM.Collect$$libinit$$0000002C)
    __rt_lib_init_atexit_1                   0x0800016d   Thumb Code     0  libinit2.o(.ARM.Collect$$libinit$$0000001B)
    __rt_lib_init_clock_1                    0x0800016d   Thumb Code     0  libinit2.o(.ARM.Collect$$libinit$$00000021)
    __rt_lib_init_cpp_1                      0x0800016d   Thumb Code     0  libinit2.o(.ARM.Collect$$libinit$$00000032)
    __rt_lib_init_exceptions_1               0x0800016d   Thumb Code     0  libinit2.o(.ARM.Collect$$libinit$$00000030)
    __rt_lib_init_fp_1                       0x0800016d   Thumb Code     0  libinit2.o(.ARM.Collect$$libinit$$00000002)
    __rt_lib_init_fp_trap_1                  0x0800016d   Thumb Code     0  libinit2.o(.ARM.Collect$$libinit$$0000001F)
    __rt_lib_init_getenv_1                   0x0800016d   Thumb Code     0  libinit2.o(.ARM.Collect$$libinit$$00000023)
    __rt_lib_init_heap_1                     0x0800016d   Thumb Code     0  libinit2.o(.ARM.Collect$$libinit$$0000000A)
    __rt_lib_init_lc_collate_1               0x0800016d   Thumb Code     0  libinit2.o(.ARM.Collect$$libinit$$00000011)
    __rt_lib_init_lc_ctype_1                 0x0800016d   Thumb Code     0  libinit2.o(.ARM.Collect$$libinit$$00000013)
    __rt_lib_init_lc_monetary_1              0x0800016d   Thumb Code     0  libinit2.o(.ARM.Collect$$libinit$$00000015)
    __rt_lib_init_lc_numeric_1               0x0800016d   Thumb Code     0  libinit2.o(.ARM.Collect$$libinit$$00000017)
    __rt_lib_init_lc_time_1                  0x0800016d   Thumb Code     0  libinit2.o(.ARM.Collect$$libinit$$00000019)
    __rt_lib_init_preinit_1                  0x0800016d   Thumb Code     0  libinit2.o(.ARM.Collect$$libinit$$00000004)
    __rt_lib_init_rand_1                     0x0800016d   Thumb Code     0  libinit2.o(.ARM.Collect$$libinit$$0000000E)
    __rt_lib_init_return                     0x0800016d   Thumb Code     0  libinit2.o(.ARM.Collect$$libinit$$00000033)
    __rt_lib_init_signal_1                   0x0800016d   Thumb Code     0  libinit2.o(.ARM.Collect$$libinit$$0000001D)
    __rt_lib_init_stdio_1                    0x0800016d   Thumb Code     0  libinit2.o(.ARM.Collect$$libinit$$00000025)
    __rt_lib_init_user_alloc_1               0x0800016d   Thumb Code     0  libinit2.o(.ARM.Collect$$libinit$$0000000C)
    __rt_lib_shutdown                        0x0800016f   Thumb Code     0  libshutdown.o(.ARM.Collect$$libshutdown$$00000000)
    __rt_lib_shutdown_cpp_1                  0x08000171   Thumb Code     0  libshutdown2.o(.ARM.Collect$$libshutdown$$00000002)
    __rt_lib_shutdown_fp_trap_1              0x08000171   Thumb Code     0  libshutdown2.o(.ARM.Collect$$libshutdown$$00000007)
    __rt_lib_shutdown_heap_1                 0x08000171   Thumb Code     0  libshutdown2.o(.ARM.Collect$$libshutdown$$0000000F)
    __rt_lib_shutdown_return                 0x08000171   Thumb Code     0  libshutdown2.o(.ARM.Collect$$libshutdown$$00000010)
    __rt_lib_shutdown_signal_1               0x08000171   Thumb Code     0  libshutdown2.o(.ARM.Collect$$libshutdown$$0000000A)
    __rt_lib_shutdown_stdio_1                0x08000171   Thumb Code     0  libshutdown2.o(.ARM.Collect$$libshutdown$$00000004)
    __rt_lib_shutdown_user_alloc_1           0x08000171   Thumb Code     0  libshutdown2.o(.ARM.Collect$$libshutdown$$0000000C)
    __rt_entry                               0x08000173   Thumb Code     0  __rtentry.o(.ARM.Collect$$rtentry$$00000000)
    __rt_entry_presh_1                       0x08000173   Thumb Code     0  __rtentry2.o(.ARM.Collect$$rtentry$$00000002)
    __rt_entry_sh                            0x08000173   Thumb Code     0  __rtentry4.o(.ARM.Collect$$rtentry$$00000004)
    __rt_entry_li                            0x08000179   Thumb Code     0  __rtentry2.o(.ARM.Collect$$rtentry$$0000000A)
    __rt_entry_postsh_1                      0x08000179   Thumb Code     0  __rtentry2.o(.ARM.Collect$$rtentry$$00000009)
    __rt_entry_main                          0x0800017d   Thumb Code     0  __rtentry2.o(.ARM.Collect$$rtentry$$0000000D)
    __rt_entry_postli_1                      0x0800017d   Thumb Code     0  __rtentry2.o(.ARM.Collect$$rtentry$$0000000C)
    __rt_exit                                0x08000185   Thumb Code     0  rtexit.o(.ARM.Collect$$rtexit$$00000000)
    __rt_exit_ls                             0x08000187   Thumb Code     0  rtexit2.o(.ARM.Collect$$rtexit$$00000003)
    __rt_exit_prels_1                        0x08000187   Thumb Code     0  rtexit2.o(.ARM.Collect$$rtexit$$00000002)
    __rt_exit_exit                           0x0800018b   Thumb Code     0  rtexit2.o(.ARM.Collect$$rtexit$$00000004)
    Reset_Handler                            0x08000191   Thumb Code     8  startup_stm32f10x_md.o(.text)
    ADC1_2_IRQHandler                        0x080001ab   Thumb Code     0  startup_stm32f10x_md.o(.text)
    CAN1_RX1_IRQHandler                      0x080001ab   Thumb Code     0  startup_stm32f10x_md.o(.text)
    CAN1_SCE_IRQHandler                      0x080001ab   Thumb Code     0  startup_stm32f10x_md.o(.text)
    DMA1_Channel1_IRQHandler                 0x080001ab   Thumb Code     0  startup_stm32f10x_md.o(.text)
    DMA1_Channel2_IRQHandler                 0x080001ab   Thumb Code     0  startup_stm32f10x_md.o(.text)
    DMA1_Channel3_IRQHandler                 0x080001ab   Thumb Code     0  startup_stm32f10x_md.o(.text)
    DMA1_Channel4_IRQHandler                 0x080001ab   Thumb Code     0  startup_stm32f10x_md.o(.text)
    DMA1_Channel5_IRQHandler                 0x080001ab   Thumb Code     0  startup_stm32f10x_md.o(.text)
    DMA1_Channel6_IRQHandler                 0x080001ab   Thumb Code     0  startup_stm32f10x_md.o(.text)
    DMA1_Channel7_IRQHandler                 0x080001ab   Thumb Code     0  startup_stm32f10x_md.o(.text)
    EXTI15_10_IRQHandler                     0x080001ab   Thumb Code     0  startup_stm32f10x_md.o(.text)
    EXTI1_IRQHandler                         0x080001ab   Thumb Code     0  startup_stm32f10x_md.o(.text)
    EXTI2_IRQHandler                         0x080001ab   Thumb Code     0  startup_stm32f10x_md.o(.text)
    EXTI4_IRQHandler                         0x080001ab   Thumb Code     0  startup_stm32f10x_md.o(.text)
    EXTI9_5_IRQHandler                       0x080001ab   Thumb Code     0  startup_stm32f10x_md.o(.text)
    FLASH_IRQHandler                         0x080001ab   Thumb Code     0  startup_stm32f10x_md.o(.text)
    I2C1_ER_IRQHandler                       0x080001ab   Thumb Code     0  startup_stm32f10x_md.o(.text)
    I2C1_EV_IRQHandler                       0x080001ab   Thumb Code     0  startup_stm32f10x_md.o(.text)
    I2C2_ER_IRQHandler                       0x080001ab   Thumb Code     0  startup_stm32f10x_md.o(.text)
    I2C2_EV_IRQHandler                       0x080001ab   Thumb Code     0  startup_stm32f10x_md.o(.text)
    PVD_IRQHandler                           0x080001ab   Thumb Code     0  startup_stm32f10x_md.o(.text)
    RCC_IRQHandler                           0x080001ab   Thumb Code     0  startup_stm32f10x_md.o(.text)
    RTCAlarm_IRQHandler                      0x080001ab   Thumb Code     0  startup_stm32f10x_md.o(.text)
    RTC_IRQHandler                           0x080001ab   Thumb Code     0  startup_stm32f10x_md.o(.text)
    SPI1_IRQHandler                          0x080001ab   Thumb Code     0  startup_stm32f10x_md.o(.text)
    SPI2_IRQHandler                          0x080001ab   Thumb Code     0  startup_stm32f10x_md.o(.text)
    TAMPER_IRQHandler                        0x080001ab   Thumb Code     0  startup_stm32f10x_md.o(.text)
    TIM1_BRK_IRQHandler                      0x080001ab   Thumb Code     0  startup_stm32f10x_md.o(.text)
    TIM1_CC_IRQHandler                       0x080001ab   Thumb Code     0  startup_stm32f10x_md.o(.text)
    TIM1_TRG_COM_IRQHandler                  0x080001ab   Thumb Code     0  startup_stm32f10x_md.o(.text)
    TIM1_UP_IRQHandler                       0x080001ab   Thumb Code     0  startup_stm32f10x_md.o(.text)
    TIM2_IRQHandler                          0x080001ab   Thumb Code     0  startup_stm32f10x_md.o(.text)
    TIM3_IRQHandler                          0x080001ab   Thumb Code     0  startup_stm32f10x_md.o(.text)
    USART1_IRQHandler                        0x080001ab   Thumb Code     0  startup_stm32f10x_md.o(.text)
    USART2_IRQHandler                        0x080001ab   Thumb Code     0  startup_stm32f10x_md.o(.text)
    USART3_IRQHandler                        0x080001ab   Thumb Code     0  startup_stm32f10x_md.o(.text)
    USBWakeUp_IRQHandler                     0x080001ab   Thumb Code     0  startup_stm32f10x_md.o(.text)
    USB_HP_CAN1_TX_IRQHandler                0x080001ab   Thumb Code     0  startup_stm32f10x_md.o(.text)
    USB_LP_CAN1_RX0_IRQHandler               0x080001ab   Thumb Code     0  startup_stm32f10x_md.o(.text)
    WWDG_IRQHandler                          0x080001ab   Thumb Code     0  startup_stm32f10x_md.o(.text)
    __user_initial_stackheap                 0x080001ad   Thumb Code     0  startup_stm32f10x_md.o(.text)
    __use_no_semihosting                     0x080001d1   Thumb Code     2  use_no_semi_2.o(.text)
    __aeabi_ldivmod                          0x080001d3   Thumb Code     0  llsdiv.o(.text)
    _ll_sdiv                                 0x080001d3   Thumb Code    72  llsdiv.o(.text)
    __2printf                                0x0800021d   Thumb Code    20  noretval__2printf.o(.text)
    __printf                                 0x08000235   Thumb Code   104  __printf.o(.text)
    _printf_int_dec                          0x0800029d   Thumb Code   104  _printf_dec.o(.text)
    memcmp                                   0x08000315   Thumb Code    88  memcmp.o(.text)
    __aeabi_memset                           0x0800036d   Thumb Code    16  aeabi_memset.o(.text)
    __use_two_region_memory                  0x0800037d   Thumb Code     2  heapauxi.o(.text)
    __rt_heap_escrow$2region                 0x0800037f   Thumb Code     2  heapauxi.o(.text)
    __rt_heap_expand$2region                 0x08000381   Thumb Code     2  heapauxi.o(.text)
    __I$use$semihosting                      0x08000383   Thumb Code     0  use_no_semi.o(.text)
    __use_no_semihosting_swi                 0x08000383   Thumb Code     2  use_no_semi.o(.text)
    __aeabi_uldivmod                         0x08000385   Thumb Code     0  lludivv7m.o(.text)
    _ll_udiv                                 0x08000385   Thumb Code   238  lludivv7m.o(.text)
    __read_errno                             0x08000473   Thumb Code    10  _rserrno.o(.text)
    __set_errno                              0x0800047d   Thumb Code    12  _rserrno.o(.text)
    _printf_int_common                       0x08000489   Thumb Code   178  _printf_intcommon.o(.text)
    _printf_char_file                        0x0800053d   Thumb Code    32  _printf_char_file.o(.text)
    __aeabi_memclr                           0x08000561   Thumb Code     0  rt_memclr.o(.text)
    __rt_memclr                              0x08000561   Thumb Code    68  rt_memclr.o(.text)
    _memset                                  0x08000565   Thumb Code     0  rt_memclr.o(.text)
    __aeabi_errno_addr                       0x080005a5   Thumb Code     8  rt_errno_addr_intlibspace.o(.text)
    __errno$intlibspace                      0x080005a5   Thumb Code     0  rt_errno_addr_intlibspace.o(.text)
    __rt_errno_addr$intlibspace              0x080005a5   Thumb Code     0  rt_errno_addr_intlibspace.o(.text)
    _printf_char_common                      0x080005b7   Thumb Code    32  _printf_char_common.o(.text)
    ferror                                   0x080005dd   Thumb Code     8  ferror.o(.text)
    __aeabi_memclr4                          0x080005e5   Thumb Code     0  rt_memclr_w.o(.text)
    __aeabi_memclr8                          0x080005e5   Thumb Code     0  rt_memclr_w.o(.text)
    __rt_memclr_w                            0x080005e5   Thumb Code    78  rt_memclr_w.o(.text)
    _memset_w                                0x080005e9   Thumb Code     0  rt_memclr_w.o(.text)
    __user_libspace                          0x08000635   Thumb Code     8  libspace.o(.text)
    __user_perproc_libspace                  0x08000635   Thumb Code     0  libspace.o(.text)
    __user_perthread_libspace                0x08000635   Thumb Code     0  libspace.o(.text)
    __user_setup_stackheap                   0x0800063d   Thumb Code    74  sys_stackheap_outer.o(.text)
    exit                                     0x08000687   Thumb Code    18  exit.o(.text)
    BusFault_Handler                         0x08000699   Thumb Code     4  stm32f10x_it.o(i.BusFault_Handler)
    DMP_Init                                 0x0800069d   Thumb Code   194  mpu6050.o(i.DMP_Init)
    DebugMon_Handler                         0x080008ad   Thumb Code     2  stm32f10x_it.o(i.DebugMon_Handler)
    EXTI0_IRQHandler                         0x080008b1   Thumb Code    88  nrf.o(i.EXTI0_IRQHandler)
    EXTI3_IRQHandler                         0x08000911   Thumb Code   116  control.o(i.EXTI3_IRQHandler)
    EXTIX_Init                               0x080009a5   Thumb Code   118  exti.o(i.EXTIX_Init)
    EXTI_ClearITPendingBit                   0x08000a25   Thumb Code     6  stm32f10x_exti.o(i.EXTI_ClearITPendingBit)
    EXTI_Init                                0x08000a31   Thumb Code   142  stm32f10x_exti.o(i.EXTI_Init)
    GPIO_EXTILineConfig                      0x08000ac5   Thumb Code    60  stm32f10x_gpio.o(i.GPIO_EXTILineConfig)
    GPIO_Init                                0x08000b05   Thumb Code   278  stm32f10x_gpio.o(i.GPIO_Init)
    GPIO_PinRemapConfig                      0x08000c1d   Thumb Code   138  stm32f10x_gpio.o(i.GPIO_PinRemapConfig)
    Get_Angle                                0x08000cad   Thumb Code    30  control.o(i.Get_Angle)
    HardFault_Handler                        0x08000cdd   Thumb Code     4  stm32f10x_it.o(i.HardFault_Handler)
    IIC_Ack                                  0x08000ce1   Thumb Code    64  ioi2c.o(i.IIC_Ack)
    IIC_Init                                 0x08000d2d   Thumb Code    40  ioi2c.o(i.IIC_Init)
    IIC_NAck                                 0x08000d59   Thumb Code    62  ioi2c.o(i.IIC_NAck)
    IIC_Read_Byte                            0x08000da5   Thumb Code    98  ioi2c.o(i.IIC_Read_Byte)
    IIC_Send_Byte                            0x08000e15   Thumb Code    88  ioi2c.o(i.IIC_Send_Byte)
    IIC_Start                                0x08000e79   Thumb Code    92  ioi2c.o(i.IIC_Start)
    IIC_Stop                                 0x08000ee1   Thumb Code    60  ioi2c.o(i.IIC_Stop)
    IIC_Wait_Ack                             0x08000f29   Thumb Code    92  ioi2c.o(i.IIC_Wait_Ack)
    Linear_Conversion                        0x08000f91   Thumb Code    34  control.o(i.Linear_Conversion)
    MY_NVIC_PriorityGroupConfig              0x08000fb9   Thumb Code    32  sys.o(i.MY_NVIC_PriorityGroupConfig)
    Mean_Filter                              0x08000fe1   Thumb Code    72  control.o(i.Mean_Filter)
    MemManage_Handler                        0x0800102d   Thumb Code     4  stm32f10x_it.o(i.MemManage_Handler)
    MiniBalance_Motor_Init                   0x08001031   Thumb Code    54  time.o(i.MiniBalance_Motor_Init)
    MiniBalance_PWM_Init                     0x08001071   Thumb Code   182  time.o(i.MiniBalance_PWM_Init)
    NMI_Handler                              0x08001131   Thumb Code     2  stm32f10x_it.o(i.NMI_Handler)
    NRF_Config                               0x08001135   Thumb Code   238  nrf.o(i.NRF_Config)
    NRF_ReceivePacket                        0x08001235   Thumb Code    56  nrf.o(i.NRF_ReceivePacket)
    NVIC_Init                                0x08001279   Thumb Code   100  misc.o(i.NVIC_Init)
    OLED_Clear                               0x080012e9   Thumb Code    42  oled.o(i.OLED_Clear)
    OLED_Display_On                          0x08001319   Thumb Code    28  oled.o(i.OLED_Display_On)
    OLED_DrawPoint                           0x08001335   Thumb Code   100  oled.o(i.OLED_DrawPoint)
    OLED_Init                                0x0800139d   Thumb Code   354  oled.o(i.OLED_Init)
    OLED_Refresh_Gram                        0x0800151d   Thumb Code    70  oled.o(i.OLED_Refresh_Gram)
    OLED_ShowChar                            0x08001569   Thumb Code   158  oled.o(i.OLED_ShowChar)
    OLED_ShowNumber                          0x08001611   Thumb Code   148  oled.o(i.OLED_ShowNumber)
    OLED_ShowString                          0x080016a5   Thumb Code    68  oled.o(i.OLED_ShowString)
    OLED_WR_Byte                             0x080016e9   Thumb Code    78  oled.o(i.OLED_WR_Byte)
    PendSV_Handler                           0x08001741   Thumb Code     2  stm32f10x_it.o(i.PendSV_Handler)
    RCC_APB1PeriphClockCmd                   0x08001745   Thumb Code    26  stm32f10x_rcc.o(i.RCC_APB1PeriphClockCmd)
    RCC_APB2PeriphClockCmd                   0x08001765   Thumb Code    26  stm32f10x_rcc.o(i.RCC_APB2PeriphClockCmd)
    RCC_GetClocksFreq                        0x08001785   Thumb Code   192  stm32f10x_rcc.o(i.RCC_GetClocksFreq)
    RX_Mode                                  0x08001859   Thumb Code    48  nrf.o(i.RX_Mode)
    Read_DMP                                 0x0800188d   Thumb Code   396  mpu6050.o(i.Read_DMP)
    SPI_Cmd                                  0x08001a41   Thumb Code    24  stm32f10x_spi.o(i.SPI_Cmd)
    SPI_Config                               0x08001a59   Thumb Code   146  spi.o(i.SPI_Config)
    SPI_I2S_GetFlagStatus                    0x08001af9   Thumb Code    18  stm32f10x_spi.o(i.SPI_I2S_GetFlagStatus)
    SPI_I2S_ReceiveData                      0x08001b0b   Thumb Code     6  stm32f10x_spi.o(i.SPI_I2S_ReceiveData)
    SPI_I2S_SendData                         0x08001b11   Thumb Code     4  stm32f10x_spi.o(i.SPI_I2S_SendData)
    SPI_Init                                 0x08001b15   Thumb Code    60  stm32f10x_spi.o(i.SPI_Init)
    SPI_RW                                   0x08001b51   Thumb Code    50  spi.o(i.SPI_RW)
    SPI_Read_Buf                             0x08001b89   Thumb Code    72  spi.o(i.SPI_Read_Buf)
    SPI_Read_Byte                            0x08001bd9   Thumb Code    50  spi.o(i.SPI_Read_Byte)
    SPI_Write_Buf                            0x08001c11   Thumb Code    70  spi.o(i.SPI_Write_Buf)
    SPI_Write_Byte                           0x08001c61   Thumb Code    56  spi.o(i.SPI_Write_Byte)
    SVC_Handler                              0x08001ca1   Thumb Code     2  stm32f10x_it.o(i.SVC_Handler)
    Set_Pwm                                  0x08001d8d   Thumb Code    68  control.o(i.Set_Pwm)
    SysTick_CLKSourceConfig                  0x08001ddd   Thumb Code    40  misc.o(i.SysTick_CLKSourceConfig)
    SysTick_Handler                          0x08001e05   Thumb Code     2  stm32f10x_it.o(i.SysTick_Handler)
    SystemInit                               0x08001e09   Thumb Code    78  system_stm32f10x.o(i.SystemInit)
    TIM4_IRQHandler                          0x08001e69   Thumb Code   136  time.o(i.TIM4_IRQHandler)
    TIM_ClearITPendingBit                    0x08001efd   Thumb Code     6  stm32f10x_tim.o(i.TIM_ClearITPendingBit)
    TIM_Cmd                                  0x08001f03   Thumb Code    24  stm32f10x_tim.o(i.TIM_Cmd)
    TIM_GetCapture1                          0x08001f1b   Thumb Code     6  stm32f10x_tim.o(i.TIM_GetCapture1)
    TIM_GetCapture2                          0x08001f21   Thumb Code     6  stm32f10x_tim.o(i.TIM_GetCapture2)
    TIM_GetITStatus                          0x08001f27   Thumb Code    34  stm32f10x_tim.o(i.TIM_GetITStatus)
    TIM_ITConfig                             0x08001f49   Thumb Code    18  stm32f10x_tim.o(i.TIM_ITConfig)
    TIM_OC1Init                              0x08001f5d   Thumb Code   132  stm32f10x_tim.o(i.TIM_OC1Init)
    TIM_OC1PreloadConfig                     0x08001ff5   Thumb Code    18  stm32f10x_tim.o(i.TIM_OC1PreloadConfig)
    TIM_OC2Init                              0x08002009   Thumb Code   154  stm32f10x_tim.o(i.TIM_OC2Init)
    TIM_OC2PreloadConfig                     0x080020ad   Thumb Code    26  stm32f10x_tim.o(i.TIM_OC2PreloadConfig)
    TIM_SetCompare1                          0x080020c7   Thumb Code     4  stm32f10x_tim.o(i.TIM_SetCompare1)
    TIM_SetCompare2                          0x080020cb   Thumb Code     4  stm32f10x_tim.o(i.TIM_SetCompare2)
    TIM_TimeBaseInit                         0x080020d1   Thumb Code   122  stm32f10x_tim.o(i.TIM_TimeBaseInit)
    USART_Cmd                                0x08002175   Thumb Code    24  stm32f10x_usart.o(i.USART_Cmd)
    USART_ITConfig                           0x0800218d   Thumb Code    74  stm32f10x_usart.o(i.USART_ITConfig)
    USART_Init                               0x080021d9   Thumb Code   210  stm32f10x_usart.o(i.USART_Init)
    UnpackData                               0x080022b1   Thumb Code   210  nrf.o(i.UnpackData)
    UsageFault_Handler                       0x080023a5   Thumb Code     4  stm32f10x_it.o(i.UsageFault_Handler)
    Xianfu_Pwm                               0x080023a9   Thumb Code    56  control.o(i.Xianfu_Pwm)
    __ARM_fpclassify                         0x080023e9   Thumb Code    40  fpclassify.o(i.__ARM_fpclassify)
    __kernel_poly                            0x08002411   Thumb Code   170  poly.o(i.__kernel_poly)
    __mathlib_dbl_infnan                     0x080024bb   Thumb Code     6  dunder.o(i.__mathlib_dbl_infnan)
    __mathlib_dbl_infnan2                    0x080024c1   Thumb Code     4  dunder.o(i.__mathlib_dbl_infnan2)
    __mathlib_dbl_invalid                    0x080024c5   Thumb Code    12  dunder.o(i.__mathlib_dbl_invalid)
    __mathlib_dbl_underflow                  0x080024d1   Thumb Code    10  dunder.o(i.__mathlib_dbl_underflow)
    _sys_exit                                0x080024e1   Thumb Code     6  usart.o(i._sys_exit)
    asin                                     0x08002591   Thumb Code   572  asin.o(i.asin)
    atan                                     0x08002801   Thumb Code   474  atan.o(i.atan)
    atan2                                    0x08002a21   Thumb Code   346  atan2.o(i.atan2)
    balance                                  0x08002ba1   Thumb Code    62  control.o(i.balance)
    delay_init                               0x08002c51   Thumb Code    50  delay.o(i.delay_init)
    delay_ms                                 0x08002c95   Thumb Code    72  delay.o(i.delay_ms)
    delay_us                                 0x08002ce1   Thumb Code    72  delay.o(i.delay_us)
    dmp_enable_6x_lp_quat                    0x08002d2d   Thumb Code    60  inv_mpu_dmp_motion_driver.o(i.dmp_enable_6x_lp_quat)
    dmp_enable_feature                       0x08002d69   Thumb Code   530  inv_mpu_dmp_motion_driver.o(i.dmp_enable_feature)
    dmp_enable_gyro_cal                      0x08002f85   Thumb Code    62  inv_mpu_dmp_motion_driver.o(i.dmp_enable_gyro_cal)
    dmp_enable_lp_quat                       0x08002fdd   Thumb Code    60  inv_mpu_dmp_motion_driver.o(i.dmp_enable_lp_quat)
    dmp_load_motion_driver_firmware          0x08003019   Thumb Code    20  inv_mpu_dmp_motion_driver.o(i.dmp_load_motion_driver_firmware)
    dmp_read_fifo                            0x08003031   Thumb Code   456  inv_mpu_dmp_motion_driver.o(i.dmp_read_fifo)
    dmp_set_accel_bias                       0x080031fd   Thumb Code   300  inv_mpu_dmp_motion_driver.o(i.dmp_set_accel_bias)
    dmp_set_fifo_rate                        0x0800332d   Thumb Code    96  inv_mpu_dmp_motion_driver.o(i.dmp_set_fifo_rate)
    dmp_set_gyro_bias                        0x0800339d   Thumb Code   294  inv_mpu_dmp_motion_driver.o(i.dmp_set_gyro_bias)
    dmp_set_orientation                      0x080034cd   Thumb Code   290  inv_mpu_dmp_motion_driver.o(i.dmp_set_orientation)
    dmp_set_shake_reject_thresh              0x08003605   Thumb Code    56  inv_mpu_dmp_motion_driver.o(i.dmp_set_shake_reject_thresh)
    dmp_set_shake_reject_time                0x0800363d   Thumb Code    38  inv_mpu_dmp_motion_driver.o(i.dmp_set_shake_reject_time)
    dmp_set_shake_reject_timeout             0x08003663   Thumb Code    38  inv_mpu_dmp_motion_driver.o(i.dmp_set_shake_reject_timeout)
    dmp_set_tap_axes                         0x08003689   Thumb Code    70  inv_mpu_dmp_motion_driver.o(i.dmp_set_tap_axes)
    dmp_set_tap_count                        0x080036cf   Thumb Code    38  inv_mpu_dmp_motion_driver.o(i.dmp_set_tap_count)
    dmp_set_tap_thresh                       0x080036f5   Thumb Code   396  inv_mpu_dmp_motion_driver.o(i.dmp_set_tap_thresh)
    dmp_set_tap_time                         0x08003895   Thumb Code    38  inv_mpu_dmp_motion_driver.o(i.dmp_set_tap_time)
    dmp_set_tap_time_multi                   0x080038bb   Thumb Code    38  inv_mpu_dmp_motion_driver.o(i.dmp_set_tap_time_multi)
    fputc                                    0x080038e1   Thumb Code    24  usart.o(i.fputc)
    i2cRead                                  0x08003f31   Thumb Code   118  ioi2c.o(i.i2cRead)
    i2cWrite                                 0x08003fa7   Thumb Code    96  ioi2c.o(i.i2cWrite)
    main                                     0x0800407d   Thumb Code    54  main.o(i.main)
    mpu_configure_fifo                       0x080040b5   Thumb Code   106  inv_mpu.o(i.mpu_configure_fifo)
    mpu_get_accel_fsr                        0x08004125   Thumb Code    72  inv_mpu.o(i.mpu_get_accel_fsr)
    mpu_get_accel_sens                       0x08004171   Thumb Code    78  inv_mpu.o(i.mpu_get_accel_sens)
    mpu_get_fifo_config                      0x080041c5   Thumb Code    12  inv_mpu.o(i.mpu_get_fifo_config)
    mpu_get_gyro_fsr                         0x080041d5   Thumb Code    64  inv_mpu.o(i.mpu_get_gyro_fsr)
    mpu_get_gyro_sens                        0x08004219   Thumb Code    58  inv_mpu.o(i.mpu_get_gyro_sens)
    mpu_get_lpf                              0x08004269   Thumb Code    74  inv_mpu.o(i.mpu_get_lpf)
    mpu_get_sample_rate                      0x080042b9   Thumb Code    26  inv_mpu.o(i.mpu_get_sample_rate)
    mpu_init                                 0x080042d9   Thumb Code   416  inv_mpu.o(i.mpu_init)
    mpu_load_firmware                        0x080044c9   Thumb Code   180  inv_mpu.o(i.mpu_load_firmware)
    mpu_lp_accel_mode                        0x08004581   Thumb Code   218  inv_mpu.o(i.mpu_lp_accel_mode)
    mpu_read_fifo_stream                     0x08004661   Thumb Code   186  inv_mpu.o(i.mpu_read_fifo_stream)
    mpu_read_mem                             0x08004721   Thumb Code   122  inv_mpu.o(i.mpu_read_mem)
    mpu_reset_fifo                           0x080047a1   Thumb Code   438  inv_mpu.o(i.mpu_reset_fifo)
    mpu_run_self_test                        0x0800495d   Thumb Code   278  inv_mpu.o(i.mpu_run_self_test)
    mpu_set_accel_fsr                        0x08004a79   Thumb Code   126  inv_mpu.o(i.mpu_set_accel_fsr)
    mpu_set_bypass                           0x08004afd   Thumb Code   328  inv_mpu.o(i.mpu_set_bypass)
    mpu_set_dmp_state                        0x08004c49   Thumb Code   138  inv_mpu.o(i.mpu_set_dmp_state)
    mpu_set_gyro_fsr                         0x08004cd9   Thumb Code   132  inv_mpu.o(i.mpu_set_gyro_fsr)
    mpu_set_int_latched                      0x08004d61   Thumb Code   102  inv_mpu.o(i.mpu_set_int_latched)
    mpu_set_lpf                              0x08004dcd   Thumb Code   126  inv_mpu.o(i.mpu_set_lpf)
    mpu_set_sample_rate                      0x08004e51   Thumb Code   152  inv_mpu.o(i.mpu_set_sample_rate)
    mpu_set_sensors                          0x08004eed   Thumb Code   202  inv_mpu.o(i.mpu_set_sensors)
    mpu_write_mem                            0x08004fbd   Thumb Code   122  inv_mpu.o(i.mpu_write_mem)
    myabs                                    0x0800503d   Thumb Code    14  control.o(i.myabs)
    myget_ms                                 0x0800504b   Thumb Code     2  inv_mpu.o(i.myget_ms)
    oled_Show                                0x0800504d   Thumb Code   114  oled.o(i.oled_Show)
    oled_pow                                 0x080050d5   Thumb Code    22  oled.o(i.oled_pow)
    sqrt                                     0x08005239   Thumb Code    76  sqrt.o(i.sqrt)
    turn                                     0x08005285   Thumb Code   256  control.o(i.turn)
    uart_init                                0x080053ad   Thumb Code   124  usart.o(i.uart_init)
    velocity                                 0x08005431   Thumb Code   284  control.o(i.velocity)
    __aeabi_d2f                              0x08005589   Thumb Code     0  d2f.o(x$fpl$d2f)
    _d2f                                     0x08005589   Thumb Code    98  d2f.o(x$fpl$d2f)
    __aeabi_dadd                             0x080055ed   Thumb Code     0  daddsub_clz.o(x$fpl$dadd)
    _dadd                                    0x080055ed   Thumb Code   332  daddsub_clz.o(x$fpl$dadd)
    __fpl_dcheck_NaN1                        0x0800573d   Thumb Code    10  dcheck1.o(x$fpl$dcheck1)
    __aeabi_ddiv                             0x0800574d   Thumb Code     0  ddiv.o(x$fpl$ddiv)
    _ddiv                                    0x0800574d   Thumb Code   552  ddiv.o(x$fpl$ddiv)
    __aeabi_dmul                             0x080059fd   Thumb Code     0  dmul.o(x$fpl$dmul)
    _dmul                                    0x080059fd   Thumb Code   332  dmul.o(x$fpl$dmul)
    __fpl_dnaninf                            0x08005b51   Thumb Code   156  dnaninf.o(x$fpl$dnaninf)
    __fpl_dretinf                            0x08005bed   Thumb Code    12  dretinf.o(x$fpl$dretinf)
    __aeabi_drsub                            0x08005bf9   Thumb Code     0  daddsub_clz.o(x$fpl$drsb)
    _drsb                                    0x08005bf9   Thumb Code    22  daddsub_clz.o(x$fpl$drsb)
    _dsqrt                                   0x08005c11   Thumb Code   456  dsqrt_noumaal.o(x$fpl$dsqrt)
    __aeabi_dsub                             0x08005ddd   Thumb Code     0  daddsub_clz.o(x$fpl$dsub)
    _dsub                                    0x08005ddd   Thumb Code   464  daddsub_clz.o(x$fpl$dsub)
    __aeabi_f2d                              0x08005fb1   Thumb Code     0  f2d.o(x$fpl$f2d)
    _f2d                                     0x08005fb1   Thumb Code    86  f2d.o(x$fpl$f2d)
    __aeabi_fadd                             0x08006009   Thumb Code     0  faddsub_clz.o(x$fpl$fadd)
    _fadd                                    0x08006009   Thumb Code   196  faddsub_clz.o(x$fpl$fadd)
    __fpl_fcmp_Inf                           0x080060cd   Thumb Code    24  fcmpi.o(x$fpl$fcmpinf)
    __aeabi_fdiv                             0x080060e5   Thumb Code     0  fdiv.o(x$fpl$fdiv)
    _fdiv                                    0x080060e5   Thumb Code   384  fdiv.o(x$fpl$fdiv)
    __aeabi_cfcmpeq                          0x08006269   Thumb Code     0  feqf.o(x$fpl$feqf)
    _fcmpeq                                  0x08006269   Thumb Code   104  feqf.o(x$fpl$feqf)
    __aeabi_f2iz                             0x080062d1   Thumb Code     0  ffix.o(x$fpl$ffix)
    _ffix                                    0x080062d1   Thumb Code    54  ffix.o(x$fpl$ffix)
    __aeabi_f2uiz                            0x08006309   Thumb Code     0  ffixu.o(x$fpl$ffixu)
    _ffixu                                   0x08006309   Thumb Code    62  ffixu.o(x$fpl$ffixu)
    __aeabi_i2f                              0x08006349   Thumb Code     0  fflt_clz.o(x$fpl$fflt)
    _fflt                                    0x08006349   Thumb Code    48  fflt_clz.o(x$fpl$fflt)
    __aeabi_ui2f                             0x08006379   Thumb Code     0  fflt_clz.o(x$fpl$ffltu)
    _ffltu                                   0x08006379   Thumb Code    38  fflt_clz.o(x$fpl$ffltu)
    __aeabi_cfcmple                          0x080063a1   Thumb Code     0  fleqf.o(x$fpl$fleqf)
    _fcmple                                  0x080063a1   Thumb Code   104  fleqf.o(x$fpl$fleqf)
    __fpl_fcmple_InfNaN                      0x080063f3   Thumb Code     0  fleqf.o(x$fpl$fleqf)
    __aeabi_fmul                             0x08006409   Thumb Code     0  fmul.o(x$fpl$fmul)
    _fmul                                    0x08006409   Thumb Code   258  fmul.o(x$fpl$fmul)
    __fpl_fnaninf                            0x0800650b   Thumb Code   140  fnaninf.o(x$fpl$fnaninf)
    __fpl_fretinf                            0x08006597   Thumb Code    10  fretinf.o(x$fpl$fretinf)
    __aeabi_cfrcmple                         0x080065a1   Thumb Code     0  frleqf.o(x$fpl$frleqf)
    _frcmple                                 0x080065a1   Thumb Code    98  frleqf.o(x$fpl$frleqf)
    __aeabi_fsub                             0x08006605   Thumb Code     0  faddsub_clz.o(x$fpl$fsub)
    _fsub                                    0x08006605   Thumb Code   234  faddsub_clz.o(x$fpl$fsub)
    __fpl_return_NaN                         0x080066ef   Thumb Code   100  retnan.o(x$fpl$retnan)
    __ARM_scalbn                             0x08006753   Thumb Code    92  scalbn.o(x$fpl$scalbn)
    __fpl_cmpreturn                          0x080067af   Thumb Code    48  trapv.o(x$fpl$trapveneer)
    __I$use$fp                               0x080067de   Number         0  usenofp.o(x$fpl$usenofp)
    hw                                       0x080067e0   Data          12  inv_mpu.o(.constdata)
    reg                                      0x080067ec   Data          27  inv_mpu.o(.constdata)
    test                                     0x08006808   Data          40  inv_mpu.o(.constdata)
    oled_asc2_1206                           0x08007426   Data        1140  oled.o(.constdata)
    oled_asc2_1608                           0x0800789a   Data        1520  oled.o(.constdata)
    __mathlib_zero                           0x08007f78   Data           8  qnan.o(.constdata)
    Region$$Table$$Base                      0x08007fd0   Number         0  anon$$obj.o(Region$$Table)
    Region$$Table$$Limit                     0x08007ff0   Number         0  anon$$obj.o(Region$$Table)
    Moto1                                    0x20000000   Data           4  main.o(.data)
    Moto2                                    0x20000004   Data           4  main.o(.data)
    Moto                                     0x20000008   Data           4  main.o(.data)
    Final_Moto1                              0x2000000c   Data           4  main.o(.data)
    Final_Moto2                              0x20000010   Data           4  main.o(.data)
    SystemCoreClock                          0x20000014   Data           4  system_stm32f10x.o(.data)
    AHBPrescTable                            0x20000018   Data          16  system_stm32f10x.o(.data)
    gyro                                     0x20000054   Data           6  mpu6050.o(.data)
    accel                                    0x2000005a   Data           6  mpu6050.o(.data)
    sensors                                  0x20000060   Data           2  mpu6050.o(.data)
    Pitch                                    0x20000064   Data           4  mpu6050.o(.data)
    Roll                                     0x20000068   Data           4  mpu6050.o(.data)
    q0                                       0x2000006c   Data           4  mpu6050.o(.data)
    q1                                       0x20000070   Data           4  mpu6050.o(.data)
    q2                                       0x20000074   Data           4  mpu6050.o(.data)
    q3                                       0x20000078   Data           4  mpu6050.o(.data)
    Gx_offset                                0x20000086   Data           2  mpu6050.o(.data)
    Gy_offset                                0x20000088   Data           2  mpu6050.o(.data)
    Gz_offset                                0x2000008a   Data           2  mpu6050.o(.data)
    Balance_Kp                               0x2000008c   Data           4  control.o(.data)
    Balance_Kd                               0x20000090   Data           4  control.o(.data)
    Velocity_Kp                              0x20000094   Data           4  control.o(.data)
    Velocity_Ki                              0x20000098   Data           4  control.o(.data)
    Angle_Balance                            0x2000009c   Data           4  control.o(.data)
    Gyro_Balance                             0x200000a0   Data           4  control.o(.data)
    Angle_PWM                                0x200000a4   Data           4  control.o(.data)
    velocity_PWM                             0x200000a8   Data           4  control.o(.data)
    Turn_PWM                                 0x200000ac   Data           4  control.o(.data)
    Balance_PWM                              0x200000b0   Data           4  control.o(.data)
    TX_ADDRESS                               0x200000e0   Data           5  nrf.o(.data)
    RX_ADDRESS                               0x200000e5   Data           5  nrf.o(.data)
    sta                                      0x200000ea   Data           1  nrf.o(.data)
    dataPID                                  0x200000eb   Data           1  nrf.o(.data)
    buttonFlag                               0x200000ec   Data           1  nrf.o(.data)
    remoteControl                            0x200000ee   Data           8  nrf.o(.data)
    Flag_Qian                                0x200000f6   Data           1  nrf.o(.data)
    Flag_Tui                                 0x200000f7   Data           1  nrf.o(.data)
    Flag_Left                                0x200000f8   Data           1  nrf.o(.data)
    Flag_Right                               0x200000f9   Data           1  nrf.o(.data)
    status                                   0x200000fa   Data           1  spi.o(.data)
    __stdout                                 0x20000100   Data           4  usart.o(.data)
    OLED_GRAM                                0x20000128   Data        1024  oled.o(.bss)
    RxBuf                                    0x2000053c   Data          12  nrf.o(.bss)
    __libspace_start                         0x20000548   Data          96  libspace.o(.bss)
    __temporary_stack_top$libspace           0x200005a8   Data           0  libspace.o(.bss)



==============================================================================

Memory Map of the image

  Image Entry point : 0x080000ed

  Load Region LR_IROM1 (Base: 0x08000000, Size: 0x00008108, Max: 0x00010000, ABSOLUTE)

    Execution Region ER_IROM1 (Base: 0x08000000, Size: 0x00007ff0, Max: 0x00010000, ABSOLUTE)

    Base Addr    Size         Type   Attr      Idx    E Section Name        Object

    0x08000000   0x000000ec   Data   RO          163    RESET               startup_stm32f10x_md.o
    0x080000ec   0x00000008   Code   RO         3232  * !!!main             c_w.l(__main.o)
    0x080000f4   0x00000034   Code   RO         3551    !!!scatter          c_w.l(__scatter.o)
    0x08000128   0x0000001a   Code   RO         3553    !!handler_copy      c_w.l(__scatter_copy.o)
    0x08000142   0x00000002   PAD
    0x08000144   0x0000001c   Code   RO         3555    !!handler_zi        c_w.l(__scatter_zi.o)
    0x08000160   0x00000000   Code   RO         3225    .ARM.Collect$$_printf_percent$$00000000  c_w.l(_printf_percent.o)
    0x08000160   0x00000006   Code   RO         3224    .ARM.Collect$$_printf_percent$$00000009  c_w.l(_printf_d.o)
    0x08000166   0x00000004   Code   RO         3307    .ARM.Collect$$_printf_percent$$00000017  c_w.l(_printf_percent_end.o)
    0x0800016a   0x00000002   Code   RO         3418    .ARM.Collect$$libinit$$00000000  c_w.l(libinit.o)
    0x0800016c   0x00000000   Code   RO         3430    .ARM.Collect$$libinit$$00000002  c_w.l(libinit2.o)
    0x0800016c   0x00000000   Code   RO         3432    .ARM.Collect$$libinit$$00000004  c_w.l(libinit2.o)
    0x0800016c   0x00000000   Code   RO         3435    .ARM.Collect$$libinit$$0000000A  c_w.l(libinit2.o)
    0x0800016c   0x00000000   Code   RO         3437    .ARM.Collect$$libinit$$0000000C  c_w.l(libinit2.o)
    0x0800016c   0x00000000   Code   RO         3439    .ARM.Collect$$libinit$$0000000E  c_w.l(libinit2.o)
    0x0800016c   0x00000000   Code   RO         3442    .ARM.Collect$$libinit$$00000011  c_w.l(libinit2.o)
    0x0800016c   0x00000000   Code   RO         3444    .ARM.Collect$$libinit$$00000013  c_w.l(libinit2.o)
    0x0800016c   0x00000000   Code   RO         3446    .ARM.Collect$$libinit$$00000015  c_w.l(libinit2.o)
    0x0800016c   0x00000000   Code   RO         3448    .ARM.Collect$$libinit$$00000017  c_w.l(libinit2.o)
    0x0800016c   0x00000000   Code   RO         3450    .ARM.Collect$$libinit$$00000019  c_w.l(libinit2.o)
    0x0800016c   0x00000000   Code   RO         3452    .ARM.Collect$$libinit$$0000001B  c_w.l(libinit2.o)
    0x0800016c   0x00000000   Code   RO         3454    .ARM.Collect$$libinit$$0000001D  c_w.l(libinit2.o)
    0x0800016c   0x00000000   Code   RO         3456    .ARM.Collect$$libinit$$0000001F  c_w.l(libinit2.o)
    0x0800016c   0x00000000   Code   RO         3458    .ARM.Collect$$libinit$$00000021  c_w.l(libinit2.o)
    0x0800016c   0x00000000   Code   RO         3460    .ARM.Collect$$libinit$$00000023  c_w.l(libinit2.o)
    0x0800016c   0x00000000   Code   RO         3462    .ARM.Collect$$libinit$$00000025  c_w.l(libinit2.o)
    0x0800016c   0x00000000   Code   RO         3466    .ARM.Collect$$libinit$$0000002C  c_w.l(libinit2.o)
    0x0800016c   0x00000000   Code   RO         3468    .ARM.Collect$$libinit$$0000002E  c_w.l(libinit2.o)
    0x0800016c   0x00000000   Code   RO         3470    .ARM.Collect$$libinit$$00000030  c_w.l(libinit2.o)
    0x0800016c   0x00000000   Code   RO         3472    .ARM.Collect$$libinit$$00000032  c_w.l(libinit2.o)
    0x0800016c   0x00000002   Code   RO         3473    .ARM.Collect$$libinit$$00000033  c_w.l(libinit2.o)
    0x0800016e   0x00000002   Code   RO         3503    .ARM.Collect$$libshutdown$$00000000  c_w.l(libshutdown.o)
    0x08000170   0x00000000   Code   RO         3517    .ARM.Collect$$libshutdown$$00000002  c_w.l(libshutdown2.o)
    0x08000170   0x00000000   Code   RO         3519    .ARM.Collect$$libshutdown$$00000004  c_w.l(libshutdown2.o)
    0x08000170   0x00000000   Code   RO         3522    .ARM.Collect$$libshutdown$$00000007  c_w.l(libshutdown2.o)
    0x08000170   0x00000000   Code   RO         3525    .ARM.Collect$$libshutdown$$0000000A  c_w.l(libshutdown2.o)
    0x08000170   0x00000000   Code   RO         3527    .ARM.Collect$$libshutdown$$0000000C  c_w.l(libshutdown2.o)
    0x08000170   0x00000000   Code   RO         3530    .ARM.Collect$$libshutdown$$0000000F  c_w.l(libshutdown2.o)
    0x08000170   0x00000002   Code   RO         3531    .ARM.Collect$$libshutdown$$00000010  c_w.l(libshutdown2.o)
    0x08000172   0x00000000   Code   RO         3298    .ARM.Collect$$rtentry$$00000000  c_w.l(__rtentry.o)
    0x08000172   0x00000000   Code   RO         3365    .ARM.Collect$$rtentry$$00000002  c_w.l(__rtentry2.o)
    0x08000172   0x00000006   Code   RO         3377    .ARM.Collect$$rtentry$$00000004  c_w.l(__rtentry4.o)
    0x08000178   0x00000000   Code   RO         3367    .ARM.Collect$$rtentry$$00000009  c_w.l(__rtentry2.o)
    0x08000178   0x00000004   Code   RO         3368    .ARM.Collect$$rtentry$$0000000A  c_w.l(__rtentry2.o)
    0x0800017c   0x00000000   Code   RO         3370    .ARM.Collect$$rtentry$$0000000C  c_w.l(__rtentry2.o)
    0x0800017c   0x00000008   Code   RO         3371    .ARM.Collect$$rtentry$$0000000D  c_w.l(__rtentry2.o)
    0x08000184   0x00000002   Code   RO         3423    .ARM.Collect$$rtexit$$00000000  c_w.l(rtexit.o)
    0x08000186   0x00000000   Code   RO         3477    .ARM.Collect$$rtexit$$00000002  c_w.l(rtexit2.o)
    0x08000186   0x00000004   Code   RO         3478    .ARM.Collect$$rtexit$$00000003  c_w.l(rtexit2.o)
    0x0800018a   0x00000006   Code   RO         3479    .ARM.Collect$$rtexit$$00000004  c_w.l(rtexit2.o)
    0x08000190   0x00000040   Code   RO          164    .text               startup_stm32f10x_md.o
    0x080001d0   0x00000002   Code   RO         3192    .text               c_w.l(use_no_semi_2.o)
    0x080001d2   0x00000048   Code   RO         3194    .text               c_w.l(llsdiv.o)
    0x0800021a   0x00000002   PAD
    0x0800021c   0x00000018   Code   RO         3198    .text               c_w.l(noretval__2printf.o)
    0x08000234   0x00000068   Code   RO         3200    .text               c_w.l(__printf.o)
    0x0800029c   0x00000078   Code   RO         3202    .text               c_w.l(_printf_dec.o)
    0x08000314   0x00000058   Code   RO         3226    .text               c_w.l(memcmp.o)
    0x0800036c   0x00000010   Code   RO         3228    .text               c_w.l(aeabi_memset.o)
    0x0800037c   0x00000006   Code   RO         3230    .text               c_w.l(heapauxi.o)
    0x08000382   0x00000002   Code   RO         3296    .text               c_w.l(use_no_semi.o)
    0x08000384   0x000000ee   Code   RO         3299    .text               c_w.l(lludivv7m.o)
    0x08000472   0x00000016   Code   RO         3301    .text               c_w.l(_rserrno.o)
    0x08000488   0x000000b2   Code   RO         3303    .text               c_w.l(_printf_intcommon.o)
    0x0800053a   0x00000002   PAD
    0x0800053c   0x00000024   Code   RO         3305    .text               c_w.l(_printf_char_file.o)
    0x08000560   0x00000044   Code   RO         3308    .text               c_w.l(rt_memclr.o)
    0x080005a4   0x00000008   Code   RO         3386    .text               c_w.l(rt_errno_addr_intlibspace.o)
    0x080005ac   0x00000030   Code   RO         3388    .text               c_w.l(_printf_char_common.o)
    0x080005dc   0x00000008   Code   RO         3390    .text               c_w.l(ferror.o)
    0x080005e4   0x0000004e   Code   RO         3394    .text               c_w.l(rt_memclr_w.o)
    0x08000632   0x00000002   PAD
    0x08000634   0x00000008   Code   RO         3402    .text               c_w.l(libspace.o)
    0x0800063c   0x0000004a   Code   RO         3405    .text               c_w.l(sys_stackheap_outer.o)
    0x08000686   0x00000012   Code   RO         3411    .text               c_w.l(exit.o)
    0x08000698   0x00000004   Code   RO          225    i.BusFault_Handler  stm32f10x_it.o
    0x0800069c   0x00000210   Code   RO          785    i.DMP_Init          mpu6050.o
    0x080008ac   0x00000002   Code   RO          226    i.DebugMon_Handler  stm32f10x_it.o
    0x080008ae   0x00000002   PAD
    0x080008b0   0x00000060   Code   RO         1201    i.EXTI0_IRQHandler  nrf.o
    0x08000910   0x00000094   Code   RO         1127    i.EXTI3_IRQHandler  control.o
    0x080009a4   0x00000080   Code   RO         1004    i.EXTIX_Init        exti.o
    0x08000a24   0x0000000c   Code   RO         1747    i.EXTI_ClearITPendingBit  stm32f10x_exti.o
    0x08000a30   0x00000094   Code   RO         1752    i.EXTI_Init         stm32f10x_exti.o
    0x08000ac4   0x00000040   Code   RO         1803    i.GPIO_EXTILineConfig  stm32f10x_gpio.o
    0x08000b04   0x00000116   Code   RO         1806    i.GPIO_Init         stm32f10x_gpio.o
    0x08000c1a   0x00000002   PAD
    0x08000c1c   0x00000090   Code   RO         1808    i.GPIO_PinRemapConfig  stm32f10x_gpio.o
    0x08000cac   0x00000030   Code   RO         1128    i.Get_Angle         control.o
    0x08000cdc   0x00000004   Code   RO          227    i.HardFault_Handler  stm32f10x_it.o
    0x08000ce0   0x0000004c   Code   RO          897    i.IIC_Ack           ioi2c.o
    0x08000d2c   0x0000002c   Code   RO          898    i.IIC_Init          ioi2c.o
    0x08000d58   0x0000004c   Code   RO          899    i.IIC_NAck          ioi2c.o
    0x08000da4   0x00000070   Code   RO          900    i.IIC_Read_Byte     ioi2c.o
    0x08000e14   0x00000064   Code   RO          901    i.IIC_Send_Byte     ioi2c.o
    0x08000e78   0x00000068   Code   RO          902    i.IIC_Start         ioi2c.o
    0x08000ee0   0x00000048   Code   RO          903    i.IIC_Stop          ioi2c.o
    0x08000f28   0x00000068   Code   RO          904    i.IIC_Wait_Ack      ioi2c.o
    0x08000f90   0x00000028   Code   RO         1129    i.Linear_Conversion  control.o
    0x08000fb8   0x00000028   Code   RO         1326    i.MY_NVIC_PriorityGroupConfig  sys.o
    0x08000fe0   0x0000004c   Code   RO         1130    i.Mean_Filter       control.o
    0x0800102c   0x00000004   Code   RO          228    i.MemManage_Handler  stm32f10x_it.o
    0x08001030   0x00000040   Code   RO          292    i.MiniBalance_Motor_Init  time.o
    0x08001070   0x000000c0   Code   RO          293    i.MiniBalance_PWM_Init  time.o
    0x08001130   0x00000002   Code   RO          229    i.NMI_Handler       stm32f10x_it.o
    0x08001132   0x00000002   PAD
    0x08001134   0x00000100   Code   RO         1202    i.NRF_Config        nrf.o
    0x08001234   0x00000044   Code   RO         1203    i.NRF_ReceivePacket  nrf.o
    0x08001278   0x00000070   Code   RO         1416    i.NVIC_Init         misc.o
    0x080012e8   0x00000030   Code   RO         1041    i.OLED_Clear        oled.o
    0x08001318   0x0000001c   Code   RO         1043    i.OLED_Display_On   oled.o
    0x08001334   0x00000068   Code   RO         1044    i.OLED_DrawPoint    oled.o
    0x0800139c   0x00000180   Code   RO         1045    i.OLED_Init         oled.o
    0x0800151c   0x0000004c   Code   RO         1046    i.OLED_Refresh_Gram  oled.o
    0x08001568   0x000000a8   Code   RO         1047    i.OLED_ShowChar     oled.o
    0x08001610   0x00000094   Code   RO         1048    i.OLED_ShowNumber   oled.o
    0x080016a4   0x00000044   Code   RO         1049    i.OLED_ShowString   oled.o
    0x080016e8   0x00000058   Code   RO         1050    i.OLED_WR_Byte      oled.o
    0x08001740   0x00000002   Code   RO          230    i.PendSV_Handler    stm32f10x_it.o
    0x08001742   0x00000002   PAD
    0x08001744   0x00000020   Code   RO         2120    i.RCC_APB1PeriphClockCmd  stm32f10x_rcc.o
    0x08001764   0x00000020   Code   RO         2122    i.RCC_APB2PeriphClockCmd  stm32f10x_rcc.o
    0x08001784   0x000000d4   Code   RO         2130    i.RCC_GetClocksFreq  stm32f10x_rcc.o
    0x08001858   0x00000034   Code   RO         1205    i.RX_Mode           nrf.o
    0x0800188c   0x000001b4   Code   RO          796    i.Read_DMP          mpu6050.o
    0x08001a40   0x00000018   Code   RO         2323    i.SPI_Cmd           stm32f10x_spi.o
    0x08001a58   0x000000a0   Code   RO         1250    i.SPI_Config        spi.o
    0x08001af8   0x00000012   Code   RO         2331    i.SPI_I2S_GetFlagStatus  stm32f10x_spi.o
    0x08001b0a   0x00000006   Code   RO         2334    i.SPI_I2S_ReceiveData  stm32f10x_spi.o
    0x08001b10   0x00000004   Code   RO         2335    i.SPI_I2S_SendData  stm32f10x_spi.o
    0x08001b14   0x0000003c   Code   RO         2336    i.SPI_Init          stm32f10x_spi.o
    0x08001b50   0x00000038   Code   RO         1251    i.SPI_RW            spi.o
    0x08001b88   0x00000050   Code   RO         1252    i.SPI_Read_Buf      spi.o
    0x08001bd8   0x00000038   Code   RO         1253    i.SPI_Read_Byte     spi.o
    0x08001c10   0x00000050   Code   RO         1254    i.SPI_Write_Buf     spi.o
    0x08001c60   0x00000040   Code   RO         1255    i.SPI_Write_Byte    spi.o
    0x08001ca0   0x00000002   Code   RO          231    i.SVC_Handler       stm32f10x_it.o
    0x08001ca2   0x00000008   Code   RO          169    i.SetSysClock       system_stm32f10x.o
    0x08001caa   0x00000002   PAD
    0x08001cac   0x000000e0   Code   RO          170    i.SetSysClockTo72   system_stm32f10x.o
    0x08001d8c   0x00000050   Code   RO         1131    i.Set_Pwm           control.o
    0x08001ddc   0x00000028   Code   RO         1420    i.SysTick_CLKSourceConfig  misc.o
    0x08001e04   0x00000002   Code   RO          232    i.SysTick_Handler   stm32f10x_it.o
    0x08001e06   0x00000002   PAD
    0x08001e08   0x00000060   Code   RO          172    i.SystemInit        system_stm32f10x.o
    0x08001e68   0x00000094   Code   RO          294    i.TIM4_IRQHandler   time.o
    0x08001efc   0x00000006   Code   RO         2473    i.TIM_ClearITPendingBit  stm32f10x_tim.o
    0x08001f02   0x00000018   Code   RO         2478    i.TIM_Cmd           stm32f10x_tim.o
    0x08001f1a   0x00000006   Code   RO         2493    i.TIM_GetCapture1   stm32f10x_tim.o
    0x08001f20   0x00000006   Code   RO         2494    i.TIM_GetCapture2   stm32f10x_tim.o
    0x08001f26   0x00000022   Code   RO         2499    i.TIM_GetITStatus   stm32f10x_tim.o
    0x08001f48   0x00000012   Code   RO         2503    i.TIM_ITConfig      stm32f10x_tim.o
    0x08001f5a   0x00000002   PAD
    0x08001f5c   0x00000098   Code   RO         2507    i.TIM_OC1Init       stm32f10x_tim.o
    0x08001ff4   0x00000012   Code   RO         2510    i.TIM_OC1PreloadConfig  stm32f10x_tim.o
    0x08002006   0x00000002   PAD
    0x08002008   0x000000a4   Code   RO         2512    i.TIM_OC2Init       stm32f10x_tim.o
    0x080020ac   0x0000001a   Code   RO         2515    i.TIM_OC2PreloadConfig  stm32f10x_tim.o
    0x080020c6   0x00000004   Code   RO         2539    i.TIM_SetCompare1   stm32f10x_tim.o
    0x080020ca   0x00000004   Code   RO         2540    i.TIM_SetCompare2   stm32f10x_tim.o
    0x080020ce   0x00000002   PAD
    0x080020d0   0x000000a4   Code   RO         2549    i.TIM_TimeBaseInit  stm32f10x_tim.o
    0x08002174   0x00000018   Code   RO         3014    i.USART_Cmd         stm32f10x_usart.o
    0x0800218c   0x0000004a   Code   RO         3020    i.USART_ITConfig    stm32f10x_usart.o
    0x080021d6   0x00000002   PAD
    0x080021d8   0x000000d8   Code   RO         3021    i.USART_Init        stm32f10x_usart.o
    0x080022b0   0x000000f4   Code   RO         1206    i.UnpackData        nrf.o
    0x080023a4   0x00000004   Code   RO          233    i.UsageFault_Handler  stm32f10x_it.o
    0x080023a8   0x00000040   Code   RO         1132    i.Xianfu_Pwm        control.o
    0x080023e8   0x00000028   Code   RO         3351    i.__ARM_fpclassify  m_ws.l(fpclassify.o)
    0x08002410   0x000000aa   Code   RO         3353    i.__kernel_poly     m_ws.l(poly.o)
    0x080024ba   0x00000006   Code   RO         3338    i.__mathlib_dbl_infnan  m_ws.l(dunder.o)
    0x080024c0   0x00000004   Code   RO         3339    i.__mathlib_dbl_infnan2  m_ws.l(dunder.o)
    0x080024c4   0x0000000c   Code   RO         3340    i.__mathlib_dbl_invalid  m_ws.l(dunder.o)
    0x080024d0   0x00000010   Code   RO         3343    i.__mathlib_dbl_underflow  m_ws.l(dunder.o)
    0x080024e0   0x00000006   Code   RO         1385    i._sys_exit         usart.o
    0x080024e6   0x00000002   PAD
    0x080024e8   0x000000a8   Code   RO          320    i.accel_self_test   inv_mpu.o
    0x08002590   0x00000270   Code   RO         3279    i.asin              m_ws.l(asin.o)
    0x08002800   0x00000220   Code   RO         3328    i.atan              m_ws.l(atan.o)
    0x08002a20   0x00000180   Code   RO         3289    i.atan2             m_ws.l(atan2.o)
    0x08002ba0   0x0000004c   Code   RO         1133    i.balance           control.o
    0x08002bec   0x00000064   Code   RO          609    i.decode_gesture    inv_mpu_dmp_motion_driver.o
    0x08002c50   0x00000044   Code   RO         1295    i.delay_init        delay.o
    0x08002c94   0x0000004c   Code   RO         1296    i.delay_ms          delay.o
    0x08002ce0   0x0000004c   Code   RO         1297    i.delay_us          delay.o
    0x08002d2c   0x0000003c   Code   RO          610    i.dmp_enable_6x_lp_quat  inv_mpu_dmp_motion_driver.o
    0x08002d68   0x0000021c   Code   RO          611    i.dmp_enable_feature  inv_mpu_dmp_motion_driver.o
    0x08002f84   0x00000058   Code   RO          612    i.dmp_enable_gyro_cal  inv_mpu_dmp_motion_driver.o
    0x08002fdc   0x0000003c   Code   RO          613    i.dmp_enable_lp_quat  inv_mpu_dmp_motion_driver.o
    0x08003018   0x00000018   Code   RO          618    i.dmp_load_motion_driver_firmware  inv_mpu_dmp_motion_driver.o
    0x08003030   0x000001cc   Code   RO          619    i.dmp_read_fifo     inv_mpu_dmp_motion_driver.o
    0x080031fc   0x00000130   Code   RO          622    i.dmp_set_accel_bias  inv_mpu_dmp_motion_driver.o
    0x0800332c   0x00000070   Code   RO          623    i.dmp_set_fifo_rate  inv_mpu_dmp_motion_driver.o
    0x0800339c   0x00000130   Code   RO          624    i.dmp_set_gyro_bias  inv_mpu_dmp_motion_driver.o
    0x080034cc   0x00000138   Code   RO          626    i.dmp_set_orientation  inv_mpu_dmp_motion_driver.o
    0x08003604   0x00000038   Code   RO          629    i.dmp_set_shake_reject_thresh  inv_mpu_dmp_motion_driver.o
    0x0800363c   0x00000026   Code   RO          630    i.dmp_set_shake_reject_time  inv_mpu_dmp_motion_driver.o
    0x08003662   0x00000026   Code   RO          631    i.dmp_set_shake_reject_timeout  inv_mpu_dmp_motion_driver.o
    0x08003688   0x00000046   Code   RO          632    i.dmp_set_tap_axes  inv_mpu_dmp_motion_driver.o
    0x080036ce   0x00000026   Code   RO          633    i.dmp_set_tap_count  inv_mpu_dmp_motion_driver.o
    0x080036f4   0x000001a0   Code   RO          634    i.dmp_set_tap_thresh  inv_mpu_dmp_motion_driver.o
    0x08003894   0x00000026   Code   RO          635    i.dmp_set_tap_time  inv_mpu_dmp_motion_driver.o
    0x080038ba   0x00000026   Code   RO          636    i.dmp_set_tap_time_multi  inv_mpu_dmp_motion_driver.o
    0x080038e0   0x0000001c   Code   RO         1386    i.fputc             usart.o
    0x080038fc   0x000000b4   Code   RO          321    i.get_accel_prod_shift  inv_mpu.o
    0x080039b0   0x00000470   Code   RO          322    i.get_st_biases     inv_mpu.o
    0x08003e20   0x00000110   Code   RO          323    i.gyro_self_test    inv_mpu.o
    0x08003f30   0x00000076   Code   RO          911    i.i2cRead           ioi2c.o
    0x08003fa6   0x00000060   Code   RO          912    i.i2cWrite          ioi2c.o
    0x08004006   0x00000028   Code   RO          798    i.inv_orientation_matrix_to_scalar  mpu6050.o
    0x0800402e   0x0000004e   Code   RO          799    i.inv_row_2_scale   mpu6050.o
    0x0800407c   0x00000036   Code   RO            1    i.main              main.o
    0x080040b2   0x00000002   PAD
    0x080040b4   0x00000070   Code   RO          324    i.mpu_configure_fifo  inv_mpu.o
    0x08004124   0x0000004c   Code   RO          325    i.mpu_get_accel_fsr  inv_mpu.o
    0x08004170   0x00000054   Code   RO          327    i.mpu_get_accel_sens  inv_mpu.o
    0x080041c4   0x00000010   Code   RO          332    i.mpu_get_fifo_config  inv_mpu.o
    0x080041d4   0x00000044   Code   RO          333    i.mpu_get_gyro_fsr  inv_mpu.o
    0x08004218   0x00000050   Code   RO          335    i.mpu_get_gyro_sens  inv_mpu.o
    0x08004268   0x00000050   Code   RO          337    i.mpu_get_lpf       inv_mpu.o
    0x080042b8   0x00000020   Code   RO          339    i.mpu_get_sample_rate  inv_mpu.o
    0x080042d8   0x000001f0   Code   RO          341    i.mpu_init          inv_mpu.o
    0x080044c8   0x000000b8   Code   RO          342    i.mpu_load_firmware  inv_mpu.o
    0x08004580   0x000000e0   Code   RO          343    i.mpu_lp_accel_mode  inv_mpu.o
    0x08004660   0x000000c0   Code   RO          346    i.mpu_read_fifo_stream  inv_mpu.o
    0x08004720   0x00000080   Code   RO          347    i.mpu_read_mem      inv_mpu.o
    0x080047a0   0x000001bc   Code   RO          350    i.mpu_reset_fifo    inv_mpu.o
    0x0800495c   0x0000011c   Code   RO          351    i.mpu_run_self_test  inv_mpu.o
    0x08004a78   0x00000084   Code   RO          353    i.mpu_set_accel_fsr  inv_mpu.o
    0x08004afc   0x0000014c   Code   RO          354    i.mpu_set_bypass    inv_mpu.o
    0x08004c48   0x00000090   Code   RO          356    i.mpu_set_dmp_state  inv_mpu.o
    0x08004cd8   0x00000088   Code   RO          357    i.mpu_set_gyro_fsr  inv_mpu.o
    0x08004d60   0x0000006c   Code   RO          358    i.mpu_set_int_latched  inv_mpu.o
    0x08004dcc   0x00000084   Code   RO          360    i.mpu_set_lpf       inv_mpu.o
    0x08004e50   0x0000009c   Code   RO          361    i.mpu_set_sample_rate  inv_mpu.o
    0x08004eec   0x000000d0   Code   RO          362    i.mpu_set_sensors   inv_mpu.o
    0x08004fbc   0x00000080   Code   RO          363    i.mpu_write_mem     inv_mpu.o
    0x0800503c   0x0000000e   Code   RO         1134    i.myabs             control.o
    0x0800504a   0x00000002   Code   RO          364    i.myget_ms          inv_mpu.o
    0x0800504c   0x00000088   Code   RO         1051    i.oled_Show         oled.o
    0x080050d4   0x00000016   Code   RO         1052    i.oled_pow          oled.o
    0x080050ea   0x00000002   PAD
    0x080050ec   0x000000bc   Code   RO          800    i.run_self_test     mpu6050.o
    0x080051a8   0x00000090   Code   RO          365    i.set_int_enable    inv_mpu.o
    0x08005238   0x0000004c   Code   RO         3357    i.sqrt              m_ws.l(sqrt.o)
    0x08005284   0x00000128   Code   RO         1135    i.turn              control.o
    0x080053ac   0x00000084   Code   RO         1387    i.uart_init         usart.o
    0x08005430   0x00000158   Code   RO         1136    i.velocity          control.o
    0x08005588   0x00000062   Code   RO         3234    x$fpl$d2f           fz_ws.l(d2f.o)
    0x080055ea   0x00000002   PAD
    0x080055ec   0x00000150   Code   RO         3236    x$fpl$dadd          fz_ws.l(daddsub_clz.o)
    0x0800573c   0x00000010   Code   RO         3396    x$fpl$dcheck1       fz_ws.l(dcheck1.o)
    0x0800574c   0x000002b0   Code   RO         3311    x$fpl$ddiv          fz_ws.l(ddiv.o)
    0x080059fc   0x00000154   Code   RO         3242    x$fpl$dmul          fz_ws.l(dmul.o)
    0x08005b50   0x0000009c   Code   RO         3314    x$fpl$dnaninf       fz_ws.l(dnaninf.o)
    0x08005bec   0x0000000c   Code   RO         3316    x$fpl$dretinf       fz_ws.l(dretinf.o)
    0x08005bf8   0x00000016   Code   RO         3237    x$fpl$drsb          fz_ws.l(daddsub_clz.o)
    0x08005c0e   0x00000002   PAD
    0x08005c10   0x000001cc   Code   RO         3400    x$fpl$dsqrt         fz_ws.l(dsqrt_noumaal.o)
    0x08005ddc   0x000001d4   Code   RO         3238    x$fpl$dsub          fz_ws.l(daddsub_clz.o)
    0x08005fb0   0x00000056   Code   RO         3244    x$fpl$f2d           fz_ws.l(f2d.o)
    0x08006006   0x00000002   PAD
    0x08006008   0x000000c4   Code   RO         3246    x$fpl$fadd          fz_ws.l(faddsub_clz.o)
    0x080060cc   0x00000018   Code   RO         3318    x$fpl$fcmpinf       fz_ws.l(fcmpi.o)
    0x080060e4   0x00000184   Code   RO         3253    x$fpl$fdiv          fz_ws.l(fdiv.o)
    0x08006268   0x00000068   Code   RO         3256    x$fpl$feqf          fz_ws.l(feqf.o)
    0x080062d0   0x00000036   Code   RO         3258    x$fpl$ffix          fz_ws.l(ffix.o)
    0x08006306   0x00000002   PAD
    0x08006308   0x0000003e   Code   RO         3262    x$fpl$ffixu         fz_ws.l(ffixu.o)
    0x08006346   0x00000002   PAD
    0x08006348   0x00000030   Code   RO         3267    x$fpl$fflt          fz_ws.l(fflt_clz.o)
    0x08006378   0x00000026   Code   RO         3266    x$fpl$ffltu         fz_ws.l(fflt_clz.o)
    0x0800639e   0x00000002   PAD
    0x080063a0   0x00000068   Code   RO         3272    x$fpl$fleqf         fz_ws.l(fleqf.o)
    0x08006408   0x00000102   Code   RO         3274    x$fpl$fmul          fz_ws.l(fmul.o)
    0x0800650a   0x0000008c   Code   RO         3320    x$fpl$fnaninf       fz_ws.l(fnaninf.o)
    0x08006596   0x0000000a   Code   RO         3322    x$fpl$fretinf       fz_ws.l(fretinf.o)
    0x080065a0   0x00000062   Code   RO         3276    x$fpl$frleqf        fz_ws.l(frleqf.o)
    0x08006602   0x00000002   PAD
    0x08006604   0x000000ea   Code   RO         3248    x$fpl$fsub          fz_ws.l(faddsub_clz.o)
    0x080066ee   0x00000064   Code   RO         3421    x$fpl$retnan        fz_ws.l(retnan.o)
    0x08006752   0x0000005c   Code   RO         3324    x$fpl$scalbn        fz_ws.l(scalbn.o)
    0x080067ae   0x00000030   Code   RO         3474    x$fpl$trapveneer    fz_ws.l(trapv.o)
    0x080067de   0x00000000   Code   RO         3326    x$fpl$usenofp       fz_ws.l(usenofp.o)
    0x080067de   0x00000002   PAD
    0x080067e0   0x00000050   Data   RO          366    .constdata          inv_mpu.o
    0x08006830   0x00000bf6   Data   RO          638    .constdata          inv_mpu_dmp_motion_driver.o
    0x08007426   0x00000a64   Data   RO         1054    .constdata          oled.o
    0x08007e8a   0x00000006   PAD
    0x08007e90   0x00000050   Data   RO         3280    .constdata          m_ws.l(asin.o)
    0x08007ee0   0x00000098   Data   RO         3329    .constdata          m_ws.l(atan.o)
    0x08007f78   0x00000008   Data   RO         3355    .constdata          m_ws.l(qnan.o)
    0x08007f80   0x0000004e   Data   RO          367    .conststring        inv_mpu.o
    0x08007fce   0x00000002   PAD
    0x08007fd0   0x00000020   Data   RO         3549    Region$$Table       anon$$obj.o


    Execution Region RW_IRAM1 (Base: 0x20000000, Size: 0x00000ba8, Max: 0x00005000, ABSOLUTE)

    Base Addr    Size         Type   Attr      Idx    E Section Name        Object

    0x20000000   0x00000014   Data   RW            2    .data               main.o
    0x20000014   0x00000014   Data   RW          173    .data               system_stm32f10x.o
    0x20000028   0x0000002c   Data   RW          368    .data               inv_mpu.o
    0x20000054   0x00000038   Data   RW          802    .data               mpu6050.o
    0x2000008c   0x00000054   Data   RW         1138    .data               control.o
    0x200000e0   0x0000001a   Data   RW         1208    .data               nrf.o
    0x200000fa   0x00000001   Data   RW         1256    .data               spi.o
    0x200000fb   0x00000001   PAD
    0x200000fc   0x00000004   Data   RW         1298    .data               delay.o
    0x20000100   0x00000004   Data   RW         1388    .data               usart.o
    0x20000104   0x00000014   Data   RW         2150    .data               stm32f10x_rcc.o
    0x20000118   0x00000010   Zero   RW          637    .bss                inv_mpu_dmp_motion_driver.o
    0x20000128   0x00000400   Zero   RW         1053    .bss                oled.o
    0x20000528   0x00000014   Zero   RW         1137    .bss                control.o
    0x2000053c   0x0000000c   Zero   RW         1207    .bss                nrf.o
    0x20000548   0x00000060   Zero   RW         3403    .bss                c_w.l(libspace.o)
    0x200005a8   0x00000200   Zero   RW          162    HEAP                startup_stm32f10x_md.o
    0x200007a8   0x00000400   Zero   RW          161    STACK               startup_stm32f10x_md.o


==============================================================================

Image component sizes


      Code (inc. data)   RO Data    RW Data    ZI Data      Debug   Object Name

      1186        194          0         84         20       6647   control.o
       220         26          0          4          0       1623   delay.o
       128         10          0          0          0        585   exti.o
      5878        280        158         44          0      25770   inv_mpu.o
      3096        122       3062          0         16      19642   inv_mpu_dmp_motion_driver.o
       902         92          0          0          0       5999   ioi2c.o
        54          0          0         20          0     261054   main.o
       152         12          0          0          0       1470   misc.o
      1270        412          0         56          0      19471   mpu6050.o
       716         76          0         26         12       4134   nrf.o
      1270         88       2660          0       1024       7717   oled.o
       496         52          0          1          0       3987   spi.o
        64         26        236          0       1536        792   startup_stm32f10x_md.o
       160         12          0          0          0       1429   stm32f10x_exti.o
       486         10          0          0          0       3324   stm32f10x_gpio.o
        26          0          0          0          0       3502   stm32f10x_it.o
       276         32          0         20          0       4310   stm32f10x_rcc.o
       112          0          0          0          0       3686   stm32f10x_spi.o
       626         72          0          0          0       7988   stm32f10x_tim.o
       314          6          0          0          0       3590   stm32f10x_usart.o
        40          8          0          0          0        530   sys.o
       328         28          0         20          0       1965   system_stm32f10x.o
       404         32          0          0          0       1762   time.o
       166         12          0          4          0       3310   usart.o

    ----------------------------------------------------------------------
     18396       1602       6156        280       2608     394287   Object Totals
         0          0         32          0          0          0   (incl. Generated)
        26          0          8          1          0          0   (incl. Padding)

    ----------------------------------------------------------------------

      Code (inc. data)   RO Data    RW Data    ZI Data      Debug   Library Member Name

         8          0          0          0          0         68   __main.o
       104          0          0          0          0         84   __printf.o
         0          0          0          0          0          0   __rtentry.o
        12          0          0          0          0          0   __rtentry2.o
         6          0          0          0          0          0   __rtentry4.o
        52          8          0          0          0          0   __scatter.o
        26          0          0          0          0          0   __scatter_copy.o
        28          0          0          0          0          0   __scatter_zi.o
        48          6          0          0          0         96   _printf_char_common.o
        36          4          0          0          0         80   _printf_char_file.o
         6          0          0          0          0          0   _printf_d.o
       120         16          0          0          0         92   _printf_dec.o
       178          0          0          0          0         88   _printf_intcommon.o
         0          0          0          0          0          0   _printf_percent.o
         4          0          0          0          0          0   _printf_percent_end.o
        22          0          0          0          0        100   _rserrno.o
        16          0          0          0          0         68   aeabi_memset.o
        18          0          0          0          0         80   exit.o
         8          0          0          0          0         68   ferror.o
         6          0          0          0          0        152   heapauxi.o
         2          0          0          0          0          0   libinit.o
         2          0          0          0          0          0   libinit2.o
         2          0          0          0          0          0   libshutdown.o
         2          0          0          0          0          0   libshutdown2.o
         8          4          0          0         96         68   libspace.o
        72          0          0          0          0         76   llsdiv.o
       238          0          0          0          0        100   lludivv7m.o
        88          0          0          0          0         76   memcmp.o
        24          4          0          0          0         84   noretval__2printf.o
         8          4          0          0          0         68   rt_errno_addr_intlibspace.o
        68          0          0          0          0         68   rt_memclr.o
        78          0          0          0          0         80   rt_memclr_w.o
         2          0          0          0          0          0   rtexit.o
        10          0          0          0          0          0   rtexit2.o
        74          0          0          0          0         80   sys_stackheap_outer.o
         2          0          0          0          0         68   use_no_semi.o
         2          0          0          0          0         68   use_no_semi_2.o
        98          4          0          0          0         92   d2f.o
       826         16          0          0          0        348   daddsub_clz.o
        16          4          0          0          0         68   dcheck1.o
       688        140          0          0          0        208   ddiv.o
       340         12          0          0          0        104   dmul.o
       156          4          0          0          0         92   dnaninf.o
        12          0          0          0          0         68   dretinf.o
       460         56          0          0          0        120   dsqrt_noumaal.o
        86          4          0          0          0         84   f2d.o
       430          8          0          0          0        168   faddsub_clz.o
        24          0          0          0          0         68   fcmpi.o
       388         76          0          0          0         96   fdiv.o
       104          4          0          0          0         84   feqf.o
        54          4          0          0          0         84   ffix.o
        62          4          0          0          0         84   ffixu.o
        86          0          0          0          0        136   fflt_clz.o
       104          4          0          0          0         84   fleqf.o
       258          4          0          0          0         84   fmul.o
       140          4          0          0          0         84   fnaninf.o
        10          0          0          0          0         68   fretinf.o
        98          0          0          0          0         68   frleqf.o
       100          0          0          0          0         68   retnan.o
        92          0          0          0          0         68   scalbn.o
        48          0          0          0          0         68   trapv.o
         0          0          0          0          0          0   usenofp.o
       624         52         80          0          0        168   asin.o
       544         70        152          0          0        124   atan.o
       384         38          0          0          0        144   atan2.o
        38          6          0          0          0        272   dunder.o
        40          0          0          0          0         68   fpclassify.o
       170          0          0          0          0         96   poly.o
         0          0          8          0          0          0   qnan.o
        76          0          0          0          0         84   sqrt.o

    ----------------------------------------------------------------------
      7960        560        240          0         96       5264   Library Totals
        24          0          0          0          0          0   (incl. Padding)

    ----------------------------------------------------------------------

      Code (inc. data)   RO Data    RW Data    ZI Data      Debug   Library Name

      1380         46          0          0         96       1812   c_w.l
      4680        348          0          0          0       2496   fz_ws.l
      1876        166        240          0          0        956   m_ws.l

    ----------------------------------------------------------------------
      7960        560        240          0         96       5264   Library Totals

    ----------------------------------------------------------------------

==============================================================================


      Code (inc. data)   RO Data    RW Data    ZI Data      Debug   

     26356       2162       6396        280       2704     389043   Grand Totals
     26356       2162       6396        280       2704     389043   ELF Image Totals
     26356       2162       6396        280          0          0   ROM Totals

==============================================================================

    Total RO  Size (Code + RO Data)                32752 (  31.98kB)
    Total RW  Size (RW Data + ZI Data)              2984 (   2.91kB)
    Total ROM Size (Code + RO Data + RW Data)      33032 (  32.26kB)

==============================================================================

